../../Drivers/STM32G0xx_HAL_Driver/Inc/stm32g0xx_ll_rcc.h:1343:22:LL_RCC_HSI_Enable	8	static
../../Drivers/STM32G0xx_HAL_Driver/Inc/stm32g0xx_ll_rcc.h:1363:26:LL_RCC_HSI_IsReady	8	static
../../Drivers/STM32G0xx_HAL_Driver/Inc/stm32g0xx_ll_rcc.h:1684:22:LL_RCC_SetSysClkSource	16	static
../../Drivers/STM32G0xx_HAL_Driver/Inc/stm32g0xx_ll_rcc.h:1699:26:LL_RCC_GetSysClkSource	8	static
../../Drivers/STM32G0xx_HAL_Driver/Inc/stm32g0xx_ll_rcc.h:1719:22:LL_RCC_SetAHBPrescaler	16	static
../../Drivers/STM32G0xx_HAL_Driver/Inc/stm32g0xx_ll_rcc.h:1735:22:LL_RCC_SetAPB1Prescaler	16	static
../../Drivers/STM32G0xx_HAL_Driver/Inc/stm32g0xx_ll_rcc.h:2508:22:LL_RCC_PLL_Enable	8	static
../../Drivers/STM32G0xx_HAL_Driver/Inc/stm32g0xx_ll_rcc.h:2529:26:LL_RCC_PLL_IsReady	8	static
../../Drivers/STM32G0xx_HAL_Driver/Inc/stm32g0xx_ll_rcc.h:2566:22:LL_RCC_PLL_ConfigDomain_SYS	24	static
../../Drivers/STM32G0xx_HAL_Driver/Inc/stm32g0xx_ll_rcc.h:3433:22:LL_RCC_PLL_EnableDomain_SYS	8	static
../../Drivers/STM32G0xx_HAL_Driver/Inc/stm32g0xx_ll_bus.h:1135:22:LL_IOP_GRP1_EnableClock	24	static
../../Drivers/STM32G0xx_HAL_Driver/Inc/stm32g0xx_ll_system.h:1972:22:LL_FLASH_SetLatency	16	static
../../Drivers/STM32G0xx_HAL_Driver/Inc/stm32g0xx_ll_system.h:1985:26:LL_FLASH_GetLatency	8	static
../../Drivers/STM32G0xx_HAL_Driver/Inc/stm32g0xx_ll_exti.h:1470:22:LL_EXTI_SetEXTISource	24	static
../../Drivers/STM32G0xx_HAL_Driver/Inc/stm32g0xx_ll_gpio.h:283:22:LL_GPIO_SetPinMode	24	static
../../Drivers/STM32G0xx_HAL_Driver/Inc/stm32g0xx_ll_gpio.h:491:22:LL_GPIO_SetPinPull	24	static
../../Drivers/STM32G0xx_HAL_Driver/Inc/stm32g0xx_ll_gpio.h:886:22:LL_GPIO_ResetOutputPin	16	static
C:/Users/Hamper/Downloads/en.x-cube-led12a1/STM32CubeExpansion_LED12A1_V1.0.0/Projects/NUCLEO-L073RZ/Applications/testled/GPIO_InfiniteLedToggling_Init/Src/main.c:96:6:testLights	24	static
C:/Users/Hamper/Downloads/en.x-cube-led12a1/STM32CubeExpansion_LED12A1_V1.0.0/Projects/NUCLEO-L073RZ/Applications/testled/GPIO_InfiniteLedToggling_Init/Src/main.c:161:5:main	40	static
C:/Users/Hamper/Downloads/en.x-cube-led12a1/STM32CubeExpansion_LED12A1_V1.0.0/Projects/NUCLEO-L073RZ/Applications/testled/GPIO_InfiniteLedToggling_Init/Src/main.c:260:6:SystemClock_Config	8	static
C:/Users/Hamper/Downloads/en.x-cube-led12a1/STM32CubeExpansion_LED12A1_V1.0.0/Projects/NUCLEO-L073RZ/Applications/testled/GPIO_InfiniteLedToggling_Init/Src/main.c:307:6:MX_I2C1_Init	8	static
C:/Users/Hamper/Downloads/en.x-cube-led12a1/STM32CubeExpansion_LED12A1_V1.0.0/Projects/NUCLEO-L073RZ/Applications/testled/GPIO_InfiniteLedToggling_Init/Src/main.c:355:13:MX_TIM2_Init	40	static
C:/Users/Hamper/Downloads/en.x-cube-led12a1/STM32CubeExpansion_LED12A1_V1.0.0/Projects/NUCLEO-L073RZ/Applications/testled/GPIO_InfiniteLedToggling_Init/Src/main.c:400:13:MX_TIM3_Init	40	static
C:/Users/Hamper/Downloads/en.x-cube-led12a1/STM32CubeExpansion_LED12A1_V1.0.0/Projects/NUCLEO-L073RZ/Applications/testled/GPIO_InfiniteLedToggling_Init/Src/main.c:445:13:MX_USART2_UART_Init	8	static
C:/Users/Hamper/Downloads/en.x-cube-led12a1/STM32CubeExpansion_LED12A1_V1.0.0/Projects/NUCLEO-L073RZ/Applications/testled/GPIO_InfiniteLedToggling_Init/Src/main.c:493:13:MX_GPIO_Init	56	static
C:/Users/Hamper/Downloads/en.x-cube-led12a1/STM32CubeExpansion_LED12A1_V1.0.0/Projects/NUCLEO-L073RZ/Applications/testled/GPIO_InfiniteLedToggling_Init/Src/main.c:561:6:Error_Handler	8	static,ignoring_inline_asm
