C:/Users/Hamper/Downloads/en.x-cube-led12a1/STM32CubeExpansion_LED12A1_V1.0.0/Projects/NUCLEO-L073RZ/Applications/testled/GPIO_InfiniteLedToggling_Init/Src/stm32g0xx_it.c:73:6:NMI_Handler	8	static
C:/Users/Hamper/Downloads/en.x-cube-led12a1/STM32CubeExpansion_LED12A1_V1.0.0/Projects/NUCLEO-L073RZ/Applications/testled/GPIO_InfiniteLedToggling_Init/Src/stm32g0xx_it.c:86:6:HardFault_Handler	8	static
C:/Users/Hamper/Downloads/en.x-cube-led12a1/STM32CubeExpansion_LED12A1_V1.0.0/Projects/NUCLEO-L073RZ/Applications/testled/GPIO_InfiniteLedToggling_Init/Src/stm32g0xx_it.c:101:6:SVC_Handler	8	static
C:/Users/Hamper/Downloads/en.x-cube-led12a1/STM32CubeExpansion_LED12A1_V1.0.0/Projects/NUCLEO-L073RZ/Applications/testled/GPIO_InfiniteLedToggling_Init/Src/stm32g0xx_it.c:114:6:PendSV_Handler	8	static
C:/Users/Hamper/Downloads/en.x-cube-led12a1/STM32CubeExpansion_LED12A1_V1.0.0/Projects/NUCLEO-L073RZ/Applications/testled/GPIO_InfiniteLedToggling_Init/Src/stm32g0xx_it.c:127:6:SysTick_Handler	8	static
