Archive member included to satisfy reference by file (symbol)

c:/st/stm32cubeide_1.12.0/stm32cubeide/plugins/com.st.stm32cube.ide.mcu.externaltools.gnu-tools-for-stm32.10.3-2021.10.win32_1.0.200.202301161003/tools/bin/../lib/gcc/arm-none-eabi/10.3.1/../../../../arm-none-eabi/lib/thumb/v6-m/nofp\libc_nano.a(lib_a-errno.o)
                              ./Application/User/syscalls.o (__errno)
c:/st/stm32cubeide_1.12.0/stm32cubeide/plugins/com.st.stm32cube.ide.mcu.externaltools.gnu-tools-for-stm32.10.3-2021.10.win32_1.0.200.202301161003/tools/bin/../lib/gcc/arm-none-eabi/10.3.1/../../../../arm-none-eabi/lib/thumb/v6-m/nofp\libc_nano.a(lib_a-exit.o)
                              c:/st/stm32cubeide_1.12.0/stm32cubeide/plugins/com.st.stm32cube.ide.mcu.externaltools.gnu-tools-for-stm32.10.3-2021.10.win32_1.0.200.202301161003/tools/bin/../lib/gcc/arm-none-eabi/10.3.1/../../../../arm-none-eabi/lib/thumb/v6-m/nofp/crt0.o (exit)
c:/st/stm32cubeide_1.12.0/stm32cubeide/plugins/com.st.stm32cube.ide.mcu.externaltools.gnu-tools-for-stm32.10.3-2021.10.win32_1.0.200.202301161003/tools/bin/../lib/gcc/arm-none-eabi/10.3.1/../../../../arm-none-eabi/lib/thumb/v6-m/nofp\libc_nano.a(lib_a-impure.o)
                              c:/st/stm32cubeide_1.12.0/stm32cubeide/plugins/com.st.stm32cube.ide.mcu.externaltools.gnu-tools-for-stm32.10.3-2021.10.win32_1.0.200.202301161003/tools/bin/../lib/gcc/arm-none-eabi/10.3.1/../../../../arm-none-eabi/lib/thumb/v6-m/nofp\libc_nano.a(lib_a-exit.o) (_global_impure_ptr)
c:/st/stm32cubeide_1.12.0/stm32cubeide/plugins/com.st.stm32cube.ide.mcu.externaltools.gnu-tools-for-stm32.10.3-2021.10.win32_1.0.200.202301161003/tools/bin/../lib/gcc/arm-none-eabi/10.3.1/../../../../arm-none-eabi/lib/thumb/v6-m/nofp\libc_nano.a(lib_a-init.o)
                              c:/st/stm32cubeide_1.12.0/stm32cubeide/plugins/com.st.stm32cube.ide.mcu.externaltools.gnu-tools-for-stm32.10.3-2021.10.win32_1.0.200.202301161003/tools/bin/../lib/gcc/arm-none-eabi/10.3.1/../../../../arm-none-eabi/lib/thumb/v6-m/nofp/crt0.o (__libc_init_array)
c:/st/stm32cubeide_1.12.0/stm32cubeide/plugins/com.st.stm32cube.ide.mcu.externaltools.gnu-tools-for-stm32.10.3-2021.10.win32_1.0.200.202301161003/tools/bin/../lib/gcc/arm-none-eabi/10.3.1/../../../../arm-none-eabi/lib/thumb/v6-m/nofp\libc_nano.a(lib_a-memset.o)
                              c:/st/stm32cubeide_1.12.0/stm32cubeide/plugins/com.st.stm32cube.ide.mcu.externaltools.gnu-tools-for-stm32.10.3-2021.10.win32_1.0.200.202301161003/tools/bin/../lib/gcc/arm-none-eabi/10.3.1/../../../../arm-none-eabi/lib/thumb/v6-m/nofp/crt0.o (memset)
c:/st/stm32cubeide_1.12.0/stm32cubeide/plugins/com.st.stm32cube.ide.mcu.externaltools.gnu-tools-for-stm32.10.3-2021.10.win32_1.0.200.202301161003/tools/bin/../lib/gcc/arm-none-eabi/10.3.1/thumb/v6-m/nofp\libgcc.a(_udivsi3.o)
                              ./Drivers/CMSIS/system_stm32g0xx.o (__aeabi_uidiv)
c:/st/stm32cubeide_1.12.0/stm32cubeide/plugins/com.st.stm32cube.ide.mcu.externaltools.gnu-tools-for-stm32.10.3-2021.10.win32_1.0.200.202301161003/tools/bin/../lib/gcc/arm-none-eabi/10.3.1/thumb/v6-m/nofp\libgcc.a(_divsi3.o)
                              ./Drivers/BSP/Components/led1202.o (__aeabi_idiv)
c:/st/stm32cubeide_1.12.0/stm32cubeide/plugins/com.st.stm32cube.ide.mcu.externaltools.gnu-tools-for-stm32.10.3-2021.10.win32_1.0.200.202301161003/tools/bin/../lib/gcc/arm-none-eabi/10.3.1/thumb/v6-m/nofp\libgcc.a(_dvmd_tls.o)
                              c:/st/stm32cubeide_1.12.0/stm32cubeide/plugins/com.st.stm32cube.ide.mcu.externaltools.gnu-tools-for-stm32.10.3-2021.10.win32_1.0.200.202301161003/tools/bin/../lib/gcc/arm-none-eabi/10.3.1/thumb/v6-m/nofp\libgcc.a(_udivsi3.o) (__aeabi_idiv0)
c:/st/stm32cubeide_1.12.0/stm32cubeide/plugins/com.st.stm32cube.ide.mcu.externaltools.gnu-tools-for-stm32.10.3-2021.10.win32_1.0.200.202301161003/tools/bin/../lib/gcc/arm-none-eabi/10.3.1/thumb/v6-m/nofp\libgcc.a(_aeabi_uldivmod.o)
                              ./Drivers/STM32G0xx_HAL_Driver/stm32g0xx_hal_uart.o (__aeabi_uldivmod)
c:/st/stm32cubeide_1.12.0/stm32cubeide/plugins/com.st.stm32cube.ide.mcu.externaltools.gnu-tools-for-stm32.10.3-2021.10.win32_1.0.200.202301161003/tools/bin/../lib/gcc/arm-none-eabi/10.3.1/thumb/v6-m/nofp\libgcc.a(_udivmoddi4.o)
                              c:/st/stm32cubeide_1.12.0/stm32cubeide/plugins/com.st.stm32cube.ide.mcu.externaltools.gnu-tools-for-stm32.10.3-2021.10.win32_1.0.200.202301161003/tools/bin/../lib/gcc/arm-none-eabi/10.3.1/thumb/v6-m/nofp\libgcc.a(_aeabi_uldivmod.o) (__udivmoddi4)
c:/st/stm32cubeide_1.12.0/stm32cubeide/plugins/com.st.stm32cube.ide.mcu.externaltools.gnu-tools-for-stm32.10.3-2021.10.win32_1.0.200.202301161003/tools/bin/../lib/gcc/arm-none-eabi/10.3.1/thumb/v6-m/nofp\libgcc.a(_clzdi2.o)
[...]
Memory Configuration

Name             Origin             Length             Attributes
RAM              0x0000000020000000 0x0000000000024000 xrw
FLASH            0x0000000008000000 0x0000000000080000 xr
*default*        0x0000000000000000 0xffffffffffffffff

Linker script and memory map

LOAD c:/st/stm32cubeide_1.12.0/stm32cubeide/plugins/com.st.stm32cube.ide.mcu.externaltools.gnu-tools-for-stm32.10.3-2021.10.win32_1.0.200.202301161003/tools/bin/../lib/gcc/arm-none-eabi/10.3.1/thumb/v6-m/nofp/crti.o
LOAD c:/st/stm32cubeide_1.12.0/stm32cubeide/plugins/com.st.stm32cube.ide.mcu.externaltools.gnu-tools-for-stm32.10.3-2021.10.win32_1.0.200.202301161003/tools/bin/../lib/gcc/arm-none-eabi/10.3.1/thumb/v6-m/nofp/crtbegin.o
LOAD c:/st/stm32cubeide_1.12.0/stm32cubeide/plugins/com.st.stm32cube.ide.mcu.externaltools.gnu-tools-for-stm32.10.3-2021.10.win32_1.0.200.202301161003/tools/bin/../lib/gcc/arm-none-eabi/10.3.1/../../../../arm-none-eabi/lib/thumb/v6-m/nofp/crt0.o
LOAD ./Application/Custom/bridge.o
LOAD ./Application/Custom/callbacks.o
LOAD ./Application/Startup/startup_stm32g0b1retx.o
LOAD ./Application/User/main.o
LOAD ./Application/User/stm32g0xx_hal_msp.o
LOAD ./Application/User/stm32g0xx_it.o
LOAD ./Application/User/syscalls.o
LOAD ./Application/User/sysmem.o
LOAD ./Drivers/BSP/Components/led1202.o
LOAD ./Drivers/BSP/Components/led1202_reg.o
LOAD ./Drivers/BSP/LED12A1/led12a1.o
LOAD ./Drivers/CMSIS/system_stm32g0xx.o
LOAD ./Drivers/STM32G0xx_HAL_Driver/stm32g0xx_hal.o
LOAD ./Drivers/STM32G0xx_HAL_Driver/stm32g0xx_hal_cortex.o
LOAD ./Drivers/STM32G0xx_HAL_Driver/stm32g0xx_hal_dma.o
LOAD ./Drivers/STM32G0xx_HAL_Driver/stm32g0xx_hal_dma_ex.o
LOAD ./Drivers/STM32G0xx_HAL_Driver/stm32g0xx_hal_exti.o
LOAD ./Drivers/STM32G0xx_HAL_Driver/stm32g0xx_hal_flash.o
LOAD ./Drivers/STM32G0xx_HAL_Driver/stm32g0xx_hal_flash_ex.o
LOAD ./Drivers/STM32G0xx_HAL_Driver/stm32g0xx_hal_gpio.o
LOAD ./Drivers/STM32G0xx_HAL_Driver/stm32g0xx_hal_i2c.o
LOAD ./Drivers/STM32G0xx_HAL_Driver/stm32g0xx_hal_i2c_ex.o
LOAD ./Drivers/STM32G0xx_HAL_Driver/stm32g0xx_hal_pwr.o
LOAD ./Drivers/STM32G0xx_HAL_Driver/stm32g0xx_hal_pwr_ex.o
LOAD ./Drivers/STM32G0xx_HAL_Driver/stm32g0xx_hal_rcc.o
LOAD ./Drivers/STM32G0xx_HAL_Driver/stm32g0xx_hal_rcc_ex.o
LOAD ./Drivers/STM32G0xx_HAL_Driver/stm32g0xx_hal_tim.o
LOAD ./Drivers/STM32G0xx_HAL_Driver/stm32g0xx_hal_tim_ex.o
LOAD ./Drivers/STM32G0xx_HAL_Driver/stm32g0xx_hal_uart.o
LOAD ./Drivers/STM32G0xx_HAL_Driver/stm32g0xx_hal_uart_ex.o
LOAD ./Drivers/STM32G0xx_HAL_Driver/stm32g0xx_ll_crs.o
LOAD ./Drivers/STM32G0xx_HAL_Driver/stm32g0xx_ll_dma.o
LOAD ./Drivers/STM32G0xx_HAL_Driver/stm32g0xx_ll_exti.o
LOAD ./Drivers/STM32G0xx_HAL_Driver/stm32g0xx_ll_gpio.o
LOAD ./Drivers/STM32G0xx_HAL_Driver/stm32g0xx_ll_rcc.o
LOAD ./Drivers/STM32G0xx_HAL_Driver/stm32g0xx_ll_utils.o
START GROUP
LOAD c:/st/stm32cubeide_1.12.0/stm32cubeide/plugins/com.st.stm32cube.ide.mcu.externaltools.gnu-tools-for-stm32.10.3-2021.10.win32_1.0.200.202301161003/tools/bin/../lib/gcc/arm-none-eabi/10.3.1/../../../../arm-none-eabi/lib/thumb/v6-m/nofp\libc_nano.a
LOAD c:/st/stm32cubeide_1.12.0/stm32cubeide/plugins/com.st.stm32cube.ide.mcu.externaltools.gnu-tools-for-stm32.10.3-2021.10.win32_1.0.200.202301161003/tools/bin/../lib/gcc/arm-none-eabi/10.3.1/../../../../arm-none-eabi/lib/thumb/v6-m/nofp\libm.a
END GROUP
START GROUP
LOAD c:/st/stm32cubeide_1.12.0/stm32cubeide/plugins/com.st.stm32cube.ide.mcu.externaltools.gnu-tools-for-stm32.10.3-2021.10.win32_1.0.200.202301161003/tools/bin/../lib/gcc/arm-none-eabi/10.3.1/thumb/v6-m/nofp\libgcc.a
LOAD c:/st/stm32cubeide_1.12.0/stm32cubeide/plugins/com.st.stm32cube.ide.mcu.externaltools.gnu-tools-for-stm32.10.3-2021.10.win32_1.0.200.202301161003/tools/bin/../lib/gcc/arm-none-eabi/10.3.1/../../../../arm-none-eabi/lib/thumb/v6-m/nofp\libc_nano.a
END GROUP
START GROUP
LOAD c:/st/stm32cubeide_1.12.0/stm32cubeide/plugins/com.st.stm32cube.ide.mcu.externaltools.gnu-tools-for-stm32.10.3-2021.10.win32_1.0.200.202301161003/tools/bin/../lib/gcc/arm-none-eabi/10.3.1/thumb/v6-m/nofp\libgcc.a
LOAD c:/st/stm32cubeide_1.12.0/stm32cubeide/plugins/com.st.stm32cube.ide.mcu.externaltools.gnu-tools-for-stm32.10.3-2021.10.win32_1.0.200.202301161003/tools/bin/../lib/gcc/arm-none-eabi/10.3.1/../../../../arm-none-eabi/lib/thumb/v6-m/nofp\libc_nano.a
LOAD c:/st/stm32cubeide_1.12.0/stm32cubeide/plugins/com.st.stm32cube.ide.mcu.externaltools.gnu-tools-for-stm32.10.3-2021.10.win32_1.0.200.202301161003/tools/bin/../lib/gcc/arm-none-eabi/10.3.1/../../../../arm-none-eabi/lib/thumb/v6-m/nofp\libnosys.a
END GROUP
START GROUP
LOAD c:/st/stm32cubeide_1.12.0/stm32cubeide/plugins/com.st.stm32cube.ide.mcu.externaltools.gnu-tools-for-stm32.10.3-2021.10.win32_1.0.200.202301161003/tools/bin/../lib/gcc/arm-none-eabi/10.3.1/thumb/v6-m/nofp\libgcc.a
LOAD c:/st/stm32cubeide_1.12.0/stm32cubeide/plugins/com.st.stm32cube.ide.mcu.externaltools.gnu-tools-for-stm32.10.3-2021.10.win32_1.0.200.202301161003/tools/bin/../lib/gcc/arm-none-eabi/10.3.1/../../../../arm-none-eabi/lib/thumb/v6-m/nofp\libc_nano.a
LOAD c:/st/stm32cubeide_1.12.0/stm32cubeide/plugins/com.st.stm32cube.ide.mcu.externaltools.gnu-tools-for-stm32.10.3-2021.10.win32_1.0.200.202301161003/tools/bin/../lib/gcc/arm-none-eabi/10.3.1/../../../../arm-none-eabi/lib/thumb/v6-m/nofp\libnosys.a
END GROUP
LOAD c:/st/stm32cubeide_1.12.0/stm32cubeide/plugins/com.st.stm32cube.ide.mcu.externaltools.gnu-tools-for-stm32.10.3-2021.10.win32_1.0.200.202301161003/tools/bin/../lib/gcc/arm-none-eabi/10.3.1/thumb/v6-m/nofp/crtend.o
LOAD c:/st/stm32cubeide_1.12.0/stm32cubeide/plugins/com.st.stm32cube.ide.mcu.externaltools.gnu-tools-for-stm32.10.3-2021.10.win32_1.0.200.202301161003/tools/bin/../lib/gcc/arm-none-eabi/10.3.1/thumb/v6-m/nofp/crtn.o
                0x0000000020024000                _estack = (ORIGIN (RAM) + LENGTH (RAM))
                0x0000000000000200                _Min_Heap_Size = 0x200
                0x0000000000000400                _Min_Stack_Size = 0x400

.isr_vector     0x0000000008000000       0xbc
                0x0000000008000000                . = ALIGN (0x4)
 *(.isr_vector)
 .isr_vector    0x0000000008000000       0xbc ./Application/Startup/startup_stm32g0b1retx.o
                0x0000000008000000                g_pfnVectors
                0x00000000080000bc                . = ALIGN (0x4)

.text           0x00000000080000bc     0x47f8
                0x00000000080000bc                . = ALIGN (0x4)
 *(.text)
 .text          0x00000000080000bc       0x48 c:/st/stm32cubeide_1.12.0/stm32cubeide/plugins/com.st.stm32cube.ide.mcu.externaltools.gnu-tools-for-stm32.10.3-2021.10.win32_1.0.200.202301161003/tools/bin/../lib/gcc/arm-none-eabi/10.3.1/thumb/v6-m/nofp/crtbegin.o
 .text          0x0000000008000104      0x114 c:/st/stm32cubeide_1.12.0/stm32cubeide/plugins/com.st.stm32cube.ide.mcu.externaltools.gnu-tools-for-stm32.10.3-2021.10.win32_1.0.200.202301161003/tools/bin/../lib/gcc/arm-none-eabi/10.3.1/thumb/v6-m/nofp\libgcc.a(_udivsi3.o)
                0x0000000008000104                __aeabi_uidiv
                0x0000000008000104                __udivsi3
                0x0000000008000210                __aeabi_uidivmod
 .text          0x0000000008000218      0x1d4 c:/st/stm32cubeide_1.12.0/stm32cubeide/plugins/com.st.stm32cube.ide.mcu.externaltools.gnu-tools-for-stm32.10.3-2021.10.win32_1.0.200.202301161003/tools/bin/../lib/gcc/arm-none-eabi/10.3.1/thumb/v6-m/nofp\libgcc.a(_divsi3.o)
                0x0000000008000218                __divsi3
                0x0000000008000218                __aeabi_idiv
                0x00000000080003e4                __aeabi_idivmod
 .text          0x00000000080003ec        0x4 c:/st/stm32cubeide_1.12.0/stm32cubeide/plugins/com.st.stm32cube.ide.mcu.externaltools.gnu-tools-for-stm32.10.3-2021.10.win32_1.0.200.202301161003/tools/bin/../lib/gcc/arm-none-eabi/10.3.1/thumb/v6-m/nofp\libgcc.a(_dvmd_tls.o)
                0x00000000080003ec                __aeabi_idiv0
                0x00000000080003ec                __aeabi_ldiv0
 .text          0x00000000080003f0       0x40 c:/st/stm32cubeide_1.12.0/stm32cubeide/plugins/com.st.stm32cube.ide.mcu.externaltools.gnu-tools-for-stm32.10.3-2021.10.win32_1.0.200.202301161003/tools/bin/../lib/gcc/arm-none-eabi/10.3.1/thumb/v6-m/nofp\libgcc.a(_aeabi_uldivmod.o)
                0x00000000080003f0                __aeabi_uldivmod
 .text          0x0000000008000430      0x198 c:/st/stm32cubeide_1.12.0/stm32cubeide/plugins/com.st.stm32cube.ide.mcu.externaltools.gnu-tools-for-stm32.10.3-2021.10.win32_1.0.200.202301161003/tools/bin/../lib/gcc/arm-none-eabi/10.3.1/thumb/v6-m/nofp\libgcc.a(_udivmoddi4.o)
                0x0000000008000430                __udivmoddi4
 .text          0x00000000080005c8       0x18 c:/st/stm32cubeide_1.12.0/stm32cubeide/plugins/com.st.stm32cube.ide.mcu.externaltools.gnu-tools-for-stm32.10.3-2021.10.win32_1.0.200.202301161003/tools/bin/../lib/gcc/arm-none-eabi/10.3.1/thumb/v6-m/nofp\libgcc.a(_clzdi2.o)
                0x00000000080005c8                __clzdi2
 .text          0x00000000080005e0       0x3c c:/st/stm32cubeide_1.12.0/stm32cubeide/plugins/com.st.stm32cube.ide.mcu.externaltools.gnu-tools-for-stm32.10.3-2021.10.win32_1.0.200.202301161003/tools/bin/../lib/gcc/arm-none-eabi/10.3.1/thumb/v6-m/nofp\libgcc.a(_clzsi2.o)
                0x00000000080005e0                __clzsi2
 *(.text*)
 .text.ClearBuffers
                0x000000000800061c       0x48 ./Application/Custom/bridge.o
                0x000000000800061c                ClearBuffers
 .text.Reset_Handler
                0x0000000008000664       0x50 ./Application/Startup/startup_stm32g0b1retx.o
                0x0000000008000664                Reset_Handler
 .text.Default_Handler
                0x00000000080006b4        0x2 ./Application/Startup/startup_stm32g0b1retx.o
                0x00000000080006b4                I2C2_3_IRQHandler
                0x00000000080006b4                USART3_4_5_6_LPUART1_IRQHandler
                0x00000000080006b4                TIM1_CC_IRQHandler
                0x00000000080006b4                ADC1_COMP_IRQHandler
                0x00000000080006b4                I2C1_IRQHandler
                0x00000000080006b4                TIM7_LPTIM2_IRQHandler
                0x00000000080006b4                TIM17_FDCAN_IT1_IRQHandler
                0x00000000080006b4                DMA1_Ch4_7_DMA2_Ch1_5_DMAMUX1_OVR_IRQHandler
                0x00000000080006b4                RCC_CRS_IRQHandler
                0x00000000080006b4                RTC_TAMP_IRQHandler
                0x00000000080006b4                SPI1_IRQHandler
                0x00000000080006b4                USB_UCPD1_2_IRQHandler
                0x00000000080006b4                EXTI2_3_IRQHandler
                0x00000000080006b4                USART2_LPUART2_IRQHandler
                0x00000000080006b4                PVD_VDDIO2_IRQHandler
                0x00000000080006b4                EXTI4_15_IRQHandler
                0x00000000080006b4                DMA1_Channel1_IRQHandler
                0x00000000080006b4                Default_Handler
                0x00000000080006b4                CEC_IRQHandler
                0x00000000080006b4                TIM14_IRQHandler
                0x00000000080006b4                TIM15_IRQHandler
                0x00000000080006b4                TIM3_TIM4_IRQHandler
                0x00000000080006b4                EXTI0_1_IRQHandler
                0x00000000080006b4                SPI2_3_IRQHandler
                0x00000000080006b4                TIM6_DAC_LPTIM1_IRQHandler
                0x00000000080006b4                WWDG_IRQHandler
                0x00000000080006b4                TIM2_IRQHandler
                0x00000000080006b4                DMA1_Channel2_3_IRQHandler
                0x00000000080006b4                FLASH_IRQHandler
                0x00000000080006b4                USART1_IRQHandler
                0x00000000080006b4                TIM16_FDCAN_IT0_IRQHandler
                0x00000000080006b4                TIM1_BRK_UP_TRG_COM_IRQHandler
 *fill*         0x00000000080006b6        0x2 
 .text.LL_RCC_HSI_Enable
                0x00000000080006b8       0x1c ./Application/User/main.o
 .text.LL_RCC_HSI_IsReady
                0x00000000080006d4       0x28 ./Application/User/main.o
 .text.LL_RCC_SetSysClkSource
                0x00000000080006fc       0x28 ./Application/User/main.o
 .text.LL_RCC_GetSysClkSource
                0x0000000008000724       0x18 ./Application/User/main.o
 .text.LL_RCC_SetAHBPrescaler
                0x000000000800073c       0x2c ./Application/User/main.o
 .text.LL_RCC_SetAPB1Prescaler
                0x0000000008000768       0x2c ./Application/User/main.o
 .text.LL_RCC_PLL_Enable
                0x0000000008000794       0x1c ./Application/User/main.o
 .text.LL_RCC_PLL_IsReady
                0x00000000080007b0       0x28 ./Application/User/main.o
 .text.LL_RCC_PLL_ConfigDomain_SYS
                0x00000000080007d8       0x40 ./Application/User/main.o
 .text.LL_RCC_PLL_EnableDomain_SYS
                0x0000000008000818       0x1c ./Application/User/main.o
 .text.LL_IOP_GRP1_EnableClock
                0x0000000008000834       0x2c ./Application/User/main.o
 .text.LL_FLASH_SetLatency
                0x0000000008000860       0x28 ./Application/User/main.o
 .text.LL_FLASH_GetLatency
                0x0000000008000888       0x18 ./Application/User/main.o
 .text.LL_EXTI_SetEXTISource
                0x00000000080008a0       0x4c ./Application/User/main.o
 .text.LL_GPIO_SetPinMode
                0x00000000080008ec       0x38 ./Application/User/main.o
 .text.LL_GPIO_SetPinPull
                0x0000000008000924       0x38 ./Application/User/main.o
 .text.LL_GPIO_ResetOutputPin
                0x000000000800095c       0x18 ./Application/User/main.o
 .text.main     0x0000000008000974      0x160 ./Application/User/main.o
                0x0000000008000974                main
 .text.SystemClock_Config
                0x0000000008000ad4       0x88 ./Application/User/main.o
                0x0000000008000ad4                SystemClock_Config
 .text.MX_I2C1_Init
                0x0000000008000b5c       0x80 ./Application/User/main.o
                0x0000000008000b5c                MX_I2C1_Init
 .text.MX_TIM2_Init
                0x0000000008000bdc       0xa8 ./Application/User/main.o
 .text.MX_TIM3_Init
                0x0000000008000c84       0xac ./Application/User/main.o
 .text.MX_USART2_UART_Init
                0x0000000008000d30       0x9c ./Application/User/main.o
 .text.MX_GPIO_Init
                0x0000000008000dcc      0x11c ./Application/User/main.o
 .text.Error_Handler
                0x0000000008000ee8        0xa ./Application/User/main.o
                0x0000000008000ee8                Error_Handler
 *fill*         0x0000000008000ef2        0x2 
 .text.LL_RCC_SetUSARTClockSource
                0x0000000008000ef4       0x30 ./Application/User/stm32g0xx_hal_msp.o
 .text.LL_RCC_SetI2CClockSource
                0x0000000008000f24       0x30 ./Application/User/stm32g0xx_hal_msp.o
 .text.HAL_MspInit
                0x0000000008000f54       0x50 ./Application/User/stm32g0xx_hal_msp.o
                0x0000000008000f54                HAL_MspInit
 .text.HAL_I2C_MspInit
                0x0000000008000fa4       0xa4 ./Application/User/stm32g0xx_hal_msp.o
                0x0000000008000fa4                HAL_I2C_MspInit
 .text.HAL_I2C_MspDeInit
                0x0000000008001048       0x54 ./Application/User/stm32g0xx_hal_msp.o
                0x0000000008001048                HAL_I2C_MspDeInit
 .text.HAL_TIM_Base_MspInit
                0x000000000800109c       0x60 ./Application/User/stm32g0xx_hal_msp.o
                0x000000000800109c                HAL_TIM_Base_MspInit
 .text.HAL_UART_MspInit
                0x00000000080010fc       0xa0 ./Application/User/stm32g0xx_hal_msp.o
                0x00000000080010fc                HAL_UART_MspInit
 .text.NMI_Handler
                0x000000000800119c        0xa ./Application/User/stm32g0xx_it.o
                0x000000000800119c                NMI_Handler
 .text.HardFault_Handler
                0x00000000080011a6        0x6 ./Application/User/stm32g0xx_it.o
                0x00000000080011a6                HardFault_Handler
 .text.SVC_Handler
                0x00000000080011ac        0xa ./Application/User/stm32g0xx_it.o
                0x00000000080011ac                SVC_Handler
 .text.PendSV_Handler
                0x00000000080011b6        0xa ./Application/User/stm32g0xx_it.o
                0x00000000080011b6                PendSV_Handler
 .text.SysTick_Handler
                0x00000000080011c0        0xe ./Application/User/stm32g0xx_it.o
                0x00000000080011c0                SysTick_Handler
 *fill*         0x00000000080011ce        0x2 
 .text.LED1202_RegisterBusIO
                0x00000000080011d0       0x94 ./Drivers/BSP/Components/led1202.o
                0x00000000080011d0                LED1202_RegisterBusIO
 .text.LED1202_ReadID
                0x0000000008001264       0x50 ./Drivers/BSP/Components/led1202.o
                0x0000000008001264                LED1202_ReadID
 .text.LED1202_SetChannelState
                0x00000000080012b4       0xea ./Drivers/BSP/Components/led1202.o
                0x00000000080012b4                LED1202_SetChannelState
 .text.LED1202_WriteLEDCurrentReg
                0x000000000800139e       0x80 ./Drivers/BSP/Components/led1202.o
                0x000000000800139e                LED1202_WriteLEDCurrentReg
 .text.LED1202_WritePatternPWMConfig
                0x000000000800141e       0x80 ./Drivers/BSP/Components/led1202.o
                0x000000000800141e                LED1202_WritePatternPWMConfig
 .text.LED1202_ReadReg
                0x000000000800149e       0x42 ./Drivers/BSP/Components/led1202_reg.o
                0x000000000800149e                LED1202_ReadReg
 .text.LED1202_WriteReg
                0x00000000080014e0       0x42 ./Drivers/BSP/Components/led1202_reg.o
                0x00000000080014e0                LED1202_WriteReg
 *fill*         0x0000000008001522        0x2 
 .text.LED12A1_Init
                0x0000000008001524       0x68 ./Drivers/BSP/LED12A1/led12a1.o
                0x0000000008001524                LED12A1_Init
 .text.BSP_I2C_Init
                0x000000000800158c       0x10 ./Drivers/BSP/LED12A1/led12a1.o
                0x000000000800158c                BSP_I2C_Init
 .text.BSP_I2C_DeInit
                0x000000000800159c       0x24 ./Drivers/BSP/LED12A1/led12a1.o
                0x000000000800159c                BSP_I2C_DeInit
 .text.BSP_I2C_Write
                0x00000000080015c0       0x64 ./Drivers/BSP/LED12A1/led12a1.o
                0x00000000080015c0                BSP_I2C_Write
 .text.BSP_I2C_Read
                0x0000000008001624       0x60 ./Drivers/BSP/LED12A1/led12a1.o
                0x0000000008001624                BSP_I2C_Read
 .text.ReadRegWrap
                0x0000000008001684       0x44 ./Drivers/BSP/LED12A1/led12a1.o
                0x0000000008001684                ReadRegWrap
 .text.WriteRegWrap
                0x00000000080016c8       0x44 ./Drivers/BSP/LED12A1/led12a1.o
                0x00000000080016c8                WriteRegWrap
 .text.LED12A1_DeviceEnable
                0x000000000800170c       0x9c ./Drivers/BSP/LED12A1/led12a1.o
                0x000000000800170c                LED12A1_DeviceEnable
 .text.LED12A1_SetDeviceAddr
                0x00000000080017a8       0x78 ./Drivers/BSP/LED12A1/led12a1.o
                0x00000000080017a8                LED12A1_SetDeviceAddr
 .text.LED12A1_ScanAvailDevice
                0x0000000008001820       0x8a ./Drivers/BSP/LED12A1/led12a1.o
                0x0000000008001820                LED12A1_ScanAvailDevice
 .text.LED12A1_AnalogDimming
                0x00000000080018aa       0x5a ./Drivers/BSP/LED12A1/led12a1.o
                0x00000000080018aa                LED12A1_AnalogDimming
 .text.LED12A1_DigitalDimming
                0x0000000008001904       0x54 ./Drivers/BSP/LED12A1/led12a1.o
                0x0000000008001904                LED12A1_DigitalDimming
 .text.LED12A1_ChannelEnable
                0x0000000008001958       0x4e ./Drivers/BSP/LED12A1/led12a1.o
                0x0000000008001958                LED12A1_ChannelEnable
 .text.LED12A1_ChannelDisable
                0x00000000080019a6       0x4e ./Drivers/BSP/LED12A1/led12a1.o
                0x00000000080019a6                LED12A1_ChannelDisable
 .text.SystemInit
                0x00000000080019f4       0x18 ./Drivers/CMSIS/system_stm32g0xx.o
                0x00000000080019f4                SystemInit
 .text.HAL_Init
                0x0000000008001a0c       0x40 ./Drivers/STM32G0xx_HAL_Driver/stm32g0xx_hal.o
                0x0000000008001a0c                HAL_Init
 .text.HAL_InitTick
                0x0000000008001a4c       0x94 ./Drivers/STM32G0xx_HAL_Driver/stm32g0xx_hal.o
                0x0000000008001a4c                HAL_InitTick
 .text.HAL_IncTick
                0x0000000008001ae0       0x24 ./Drivers/STM32G0xx_HAL_Driver/stm32g0xx_hal.o
                0x0000000008001ae0                HAL_IncTick
 .text.HAL_GetTick
                0x0000000008001b04       0x14 ./Drivers/STM32G0xx_HAL_Driver/stm32g0xx_hal.o
                0x0000000008001b04                HAL_GetTick
 .text.HAL_Delay
                0x0000000008001b18       0x48 ./Drivers/STM32G0xx_HAL_Driver/stm32g0xx_hal.o
                0x0000000008001b18                HAL_Delay
 .text.HAL_SYSCFG_StrobeDBattpinsConfig
                0x0000000008001b60       0x2c ./Drivers/STM32G0xx_HAL_Driver/stm32g0xx_hal.o
                0x0000000008001b60                HAL_SYSCFG_StrobeDBattpinsConfig
 .text.__NVIC_SetPriority
                0x0000000008001b8c       0xdc ./Drivers/STM32G0xx_HAL_Driver/stm32g0xx_hal_cortex.o
 .text.SysTick_Config
                0x0000000008001c68       0x48 ./Drivers/STM32G0xx_HAL_Driver/stm32g0xx_hal_cortex.o
 .text.HAL_NVIC_SetPriority
                0x0000000008001cb0       0x2a ./Drivers/STM32G0xx_HAL_Driver/stm32g0xx_hal_cortex.o
                0x0000000008001cb0                HAL_NVIC_SetPriority
 .text.HAL_SYSTICK_Config
                0x0000000008001cda       0x1a ./Drivers/STM32G0xx_HAL_Driver/stm32g0xx_hal_cortex.o
                0x0000000008001cda                HAL_SYSTICK_Config
 .text.HAL_GPIO_Init
                0x0000000008001cf4      0x2d8 ./Drivers/STM32G0xx_HAL_Driver/stm32g0xx_hal_gpio.o
                0x0000000008001cf4                HAL_GPIO_Init
 .text.HAL_GPIO_DeInit
                0x0000000008001fcc      0x1b0 ./Drivers/STM32G0xx_HAL_Driver/stm32g0xx_hal_gpio.o
                0x0000000008001fcc                HAL_GPIO_DeInit
 .text.HAL_I2C_Init
                0x000000000800217c      0x12c ./Drivers/STM32G0xx_HAL_Driver/stm32g0xx_hal_i2c.o
                0x000000000800217c                HAL_I2C_Init
 .text.HAL_I2C_DeInit
                0x00000000080022a8       0x60 ./Drivers/STM32G0xx_HAL_Driver/stm32g0xx_hal_i2c.o
                0x00000000080022a8                HAL_I2C_DeInit
 .text.HAL_I2C_Mem_Write
                0x0000000008002308      0x25c ./Drivers/STM32G0xx_HAL_Driver/stm32g0xx_hal_i2c.o
                0x0000000008002308                HAL_I2C_Mem_Write
 .text.HAL_I2C_Mem_Read
                0x0000000008002564      0x268 ./Drivers/STM32G0xx_HAL_Driver/stm32g0xx_hal_i2c.o
                0x0000000008002564                HAL_I2C_Mem_Read
 .text.I2C_RequestMemoryWrite
                0x00000000080027cc       0xc8 ./Drivers/STM32G0xx_HAL_Driver/stm32g0xx_hal_i2c.o
 .text.I2C_RequestMemoryRead
                0x0000000008002894       0xc4 ./Drivers/STM32G0xx_HAL_Driver/stm32g0xx_hal_i2c.o
 .text.I2C_Flush_TXDR
                0x0000000008002958       0x44 ./Drivers/STM32G0xx_HAL_Driver/stm32g0xx_hal_i2c.o
 .text.I2C_WaitOnFlagUntilTimeout
                0x000000000800299c       0x7e ./Drivers/STM32G0xx_HAL_Driver/stm32g0xx_hal_i2c.o
 .text.I2C_WaitOnTXISFlagUntilTimeout
                0x0000000008002a1a       0x7e ./Drivers/STM32G0xx_HAL_Driver/stm32g0xx_hal_i2c.o
 .text.I2C_WaitOnSTOPFlagUntilTimeout
                0x0000000008002a98       0x78 ./Drivers/STM32G0xx_HAL_Driver/stm32g0xx_hal_i2c.o
 .text.I2C_IsErrorOccurred
                0x0000000008002b10      0x200 ./Drivers/STM32G0xx_HAL_Driver/stm32g0xx_hal_i2c.o
 .text.I2C_TransferConfig
                0x0000000008002d10       0x74 ./Drivers/STM32G0xx_HAL_Driver/stm32g0xx_hal_i2c.o
 .text.HAL_I2CEx_ConfigAnalogFilter
                0x0000000008002d84       0x98 ./Drivers/STM32G0xx_HAL_Driver/stm32g0xx_hal_i2c_ex.o
                0x0000000008002d84                HAL_I2CEx_ConfigAnalogFilter
 .text.HAL_I2CEx_ConfigDigitalFilter
                0x0000000008002e1c       0x98 ./Drivers/STM32G0xx_HAL_Driver/stm32g0xx_hal_i2c_ex.o
                0x0000000008002e1c                HAL_I2CEx_ConfigDigitalFilter
 .text.LL_RCC_GetAPB1Prescaler
                0x0000000008002eb4       0x18 ./Drivers/STM32G0xx_HAL_Driver/stm32g0xx_hal_rcc.o
 .text.HAL_RCC_GetSysClockFreq
                0x0000000008002ecc      0x104 ./Drivers/STM32G0xx_HAL_Driver/stm32g0xx_hal_rcc.o
                0x0000000008002ecc                HAL_RCC_GetSysClockFreq
 .text.HAL_RCC_GetHCLKFreq
                0x0000000008002fd0       0x14 ./Drivers/STM32G0xx_HAL_Driver/stm32g0xx_hal_rcc.o
                0x0000000008002fd0                HAL_RCC_GetHCLKFreq
 .text.HAL_RCC_GetPCLK1Freq
                0x0000000008002fe4       0x2c ./Drivers/STM32G0xx_HAL_Driver/stm32g0xx_hal_rcc.o
                0x0000000008002fe4                HAL_RCC_GetPCLK1Freq
 .text.HAL_TIM_Base_Init
                0x0000000008003010       0xb0 ./Drivers/STM32G0xx_HAL_Driver/stm32g0xx_hal_tim.o
                0x0000000008003010                HAL_TIM_Base_Init
 .text.HAL_TIM_ConfigClockSource
                0x00000000080030c0      0x1ac ./Drivers/STM32G0xx_HAL_Driver/stm32g0xx_hal_tim.o
                0x00000000080030c0                HAL_TIM_ConfigClockSource
 .text.TIM_Base_SetConfig
                0x000000000800326c      0x114 ./Drivers/STM32G0xx_HAL_Driver/stm32g0xx_hal_tim.o
                0x000000000800326c                TIM_Base_SetConfig
 .text.TIM_TI1_ConfigInputStage
                0x0000000008003380       0x5c ./Drivers/STM32G0xx_HAL_Driver/stm32g0xx_hal_tim.o
 .text.TIM_TI2_ConfigInputStage
                0x00000000080033dc       0x64 ./Drivers/STM32G0xx_HAL_Driver/stm32g0xx_hal_tim.o
 .text.TIM_ITRx_SetConfig
                0x0000000008003440       0x38 ./Drivers/STM32G0xx_HAL_Driver/stm32g0xx_hal_tim.o
 .text.TIM_ETR_SetConfig
                0x0000000008003478       0x40 ./Drivers/STM32G0xx_HAL_Driver/stm32g0xx_hal_tim.o
                0x0000000008003478                TIM_ETR_SetConfig
 .text.HAL_TIMEx_MasterConfigSynchronization
                0x00000000080034b8       0xec ./Drivers/STM32G0xx_HAL_Driver/stm32g0xx_hal_tim_ex.o
                0x00000000080034b8                HAL_TIMEx_MasterConfigSynchronization
 .text.HAL_UART_Init
                0x00000000080035a4       0xac ./Drivers/STM32G0xx_HAL_Driver/stm32g0xx_hal_uart.o
                0x00000000080035a4                HAL_UART_Init
 .text.UART_SetConfig
                0x0000000008003650      0x6ac ./Drivers/STM32G0xx_HAL_Driver/stm32g0xx_hal_uart.o
                0x0000000008003650                UART_SetConfig
 .text.UART_AdvFeatureConfig
                0x0000000008003cfc      0x168 ./Drivers/STM32G0xx_HAL_Driver/stm32g0xx_hal_uart.o
                0x0000000008003cfc                UART_AdvFeatureConfig
 .text.UART_CheckIdleState
                0x0000000008003e64       0x9c ./Drivers/STM32G0xx_HAL_Driver/stm32g0xx_hal_uart.o
                0x0000000008003e64                UART_CheckIdleState
 .text.UART_WaitOnFlagUntilTimeout
                0x0000000008003f00      0x190 ./Drivers/STM32G0xx_HAL_Driver/stm32g0xx_hal_uart.o
                0x0000000008003f00                UART_WaitOnFlagUntilTimeout
 .text.HAL_UARTEx_DisableFifoMode
                0x0000000008004090       0x74 ./Drivers/STM32G0xx_HAL_Driver/stm32g0xx_hal_uart_ex.o
                0x0000000008004090                HAL_UARTEx_DisableFifoMode
 .text.HAL_UARTEx_SetTxFifoThreshold
                0x0000000008004104       0x7e ./Drivers/STM32G0xx_HAL_Driver/stm32g0xx_hal_uart_ex.o
                0x0000000008004104                HAL_UARTEx_SetTxFifoThreshold
 *fill*         0x0000000008004182        0x2 
 .text.HAL_UARTEx_SetRxFifoThreshold
                0x0000000008004184       0x84 ./Drivers/STM32G0xx_HAL_Driver/stm32g0xx_hal_uart_ex.o
                0x0000000008004184                HAL_UARTEx_SetRxFifoThreshold
 .text.UARTEx_SetNbDataToProcess
                0x0000000008004208       0xbc ./Drivers/STM32G0xx_HAL_Driver/stm32g0xx_hal_uart_ex.o
 .text.LL_EXTI_EnableIT_0_31
                0x00000000080042c4       0x24 ./Drivers/STM32G0xx_HAL_Driver/stm32g0xx_ll_exti.o
 .text.LL_EXTI_EnableIT_32_63
                0x00000000080042e8       0x24 ./Drivers/STM32G0xx_HAL_Driver/stm32g0xx_ll_exti.o
 .text.LL_EXTI_DisableIT_0_31
                0x000000000800430c       0x28 ./Drivers/STM32G0xx_HAL_Driver/stm32g0xx_ll_exti.o
 .text.LL_EXTI_DisableIT_32_63
                0x0000000008004334       0x28 ./Drivers/STM32G0xx_HAL_Driver/stm32g0xx_ll_exti.o
 .text.LL_EXTI_EnableEvent_0_31
                0x000000000800435c       0x24 ./Drivers/STM32G0xx_HAL_Driver/stm32g0xx_ll_exti.o
 .text.LL_EXTI_EnableEvent_32_63
                0x0000000008004380       0x24 ./Drivers/STM32G0xx_HAL_Driver/stm32g0xx_ll_exti.o
 .text.LL_EXTI_DisableEvent_0_31
                0x00000000080043a4       0x28 ./Drivers/STM32G0xx_HAL_Driver/stm32g0xx_ll_exti.o
 .text.LL_EXTI_DisableEvent_32_63
                0x00000000080043cc       0x28 ./Drivers/STM32G0xx_HAL_Driver/stm32g0xx_ll_exti.o
 .text.LL_EXTI_EnableRisingTrig_0_31
                0x00000000080043f4       0x20 ./Drivers/STM32G0xx_HAL_Driver/stm32g0xx_ll_exti.o
 .text.LL_EXTI_DisableRisingTrig_0_31
                0x0000000008004414       0x24 ./Drivers/STM32G0xx_HAL_Driver/stm32g0xx_ll_exti.o
 .text.LL_EXTI_EnableFallingTrig_0_31
                0x0000000008004438       0x20 ./Drivers/STM32G0xx_HAL_Driver/stm32g0xx_ll_exti.o
 .text.LL_EXTI_DisableFallingTrig_0_31
                0x0000000008004458       0x24 ./Drivers/STM32G0xx_HAL_Driver/stm32g0xx_ll_exti.o
 .text.LL_EXTI_Init
                0x000000000800447c      0x182 ./Drivers/STM32G0xx_HAL_Driver/stm32g0xx_ll_exti.o
                0x000000000800447c                LL_EXTI_Init
 .text.LL_GPIO_SetPinMode
                0x00000000080045fe       0x38 ./Drivers/STM32G0xx_HAL_Driver/stm32g0xx_ll_gpio.o
 .text.LL_GPIO_SetPinOutputType
                0x0000000008004636       0x2a ./Drivers/STM32G0xx_HAL_Driver/stm32g0xx_ll_gpio.o
 .text.LL_GPIO_SetPinSpeed
                0x0000000008004660       0x38 ./Drivers/STM32G0xx_HAL_Driver/stm32g0xx_ll_gpio.o
 .text.LL_GPIO_SetPinPull
                0x0000000008004698       0x38 ./Drivers/STM32G0xx_HAL_Driver/stm32g0xx_ll_gpio.o
 .text.LL_GPIO_SetAFPin_0_7
                0x00000000080046d0       0x46 ./Drivers/STM32G0xx_HAL_Driver/stm32g0xx_ll_gpio.o
 .text.LL_GPIO_SetAFPin_8_15
                0x0000000008004716       0x5a ./Drivers/STM32G0xx_HAL_Driver/stm32g0xx_ll_gpio.o
 .text.LL_GPIO_Init
                0x0000000008004770       0xb6 ./Drivers/STM32G0xx_HAL_Driver/stm32g0xx_ll_gpio.o
                0x0000000008004770                LL_GPIO_Init
 *fill*         0x0000000008004826        0x2 
 .text.LL_SetSystemCoreClock
                0x0000000008004828       0x1c ./Drivers/STM32G0xx_HAL_Driver/stm32g0xx_ll_utils.o
                0x0000000008004828                LL_SetSystemCoreClock
 .text.__libc_init_array
                0x0000000008004844       0x48 c:/st/stm32cubeide_1.12.0/stm32cubeide/plugins/com.st.stm32cube.ide.mcu.externaltools.gnu-tools-for-stm32.10.3-2021.10.win32_1.0.200.202301161003/tools/bin/../lib/gcc/arm-none-eabi/10.3.1/../../../../arm-none-eabi/lib/thumb/v6-m/nofp\libc_nano.a(lib_a-init.o)
                0x0000000008004844                __libc_init_array
 .text.memset   0x000000000800488c       0x10 c:/st/stm32cubeide_1.12.0/stm32cubeide/plugins/com.st.stm32cube.ide.mcu.externaltools.gnu-tools-for-stm32.10.3-2021.10.win32_1.0.200.202301161003/tools/bin/../lib/gcc/arm-none-eabi/10.3.1/../../../../arm-none-eabi/lib/thumb/v6-m/nofp\libc_nano.a(lib_a-memset.o)
                0x000000000800488c                memset
 *(.glue_7)
 .glue_7        0x000000000800489c        0x0 linker stubs
 *(.glue_7t)
 .glue_7t       0x000000000800489c        0x0 linker stubs
 *(.eh_frame)
 .eh_frame      0x000000000800489c        0x0 c:/st/stm32cubeide_1.12.0/stm32cubeide/plugins/com.st.stm32cube.ide.mcu.externaltools.gnu-tools-for-stm32.10.3-2021.10.win32_1.0.200.202301161003/tools/bin/../lib/gcc/arm-none-eabi/10.3.1/thumb/v6-m/nofp/crtbegin.o
 *(.init)
 .init          0x000000000800489c        0x4 c:/st/stm32cubeide_1.12.0/stm32cubeide/plugins/com.st.stm32cube.ide.mcu.externaltools.gnu-tools-for-stm32.10.3-2021.10.win32_1.0.200.202301161003/tools/bin/../lib/gcc/arm-none-eabi/10.3.1/thumb/v6-m/nofp/crti.o
                0x000000000800489c                _init
 .init          0x00000000080048a0        0x8 c:/st/stm32cubeide_1.12.0/stm32cubeide/plugins/com.st.stm32cube.ide.mcu.externaltools.gnu-tools-for-stm32.10.3-2021.10.win32_1.0.200.202301161003/tools/bin/../lib/gcc/arm-none-eabi/10.3.1/thumb/v6-m/nofp/crtn.o
 *(.fini)
 .fini          0x00000000080048a8        0x4 c:/st/stm32cubeide_1.12.0/stm32cubeide/plugins/com.st.stm32cube.ide.mcu.externaltools.gnu-tools-for-stm32.10.3-2021.10.win32_1.0.200.202301161003/tools/bin/../lib/gcc/arm-none-eabi/10.3.1/thumb/v6-m/nofp/crti.o
                0x00000000080048a8                _fini
 .fini          0x00000000080048ac        0x8 c:/st/stm32cubeide_1.12.0/stm32cubeide/plugins/com.st.stm32cube.ide.mcu.externaltools.gnu-tools-for-stm32.10.3-2021.10.win32_1.0.200.202301161003/tools/bin/../lib/gcc/arm-none-eabi/10.3.1/thumb/v6-m/nofp/crtn.o
                0x00000000080048b4                . = ALIGN (0x4)
                0x00000000080048b4                _etext = .

.vfp11_veneer   0x00000000080048b4        0x0
 .vfp11_veneer  0x00000000080048b4        0x0 linker stubs

.v4_bx          0x00000000080048b4        0x0
 .v4_bx         0x00000000080048b4        0x0 linker stubs

.iplt           0x00000000080048b4        0x0
 .iplt          0x00000000080048b4        0x0 c:/st/stm32cubeide_1.12.0/stm32cubeide/plugins/com.st.stm32cube.ide.mcu.externaltools.gnu-tools-for-stm32.10.3-2021.10.win32_1.0.200.202301161003/tools/bin/../lib/gcc/arm-none-eabi/10.3.1/thumb/v6-m/nofp/crtbegin.o

.rodata         0x00000000080048b4       0x70
                0x00000000080048b4                . = ALIGN (0x4)
 *(.rodata)
 *(.rodata*)
 .rodata.LED12A1_DeviceEnable
                0x00000000080048b4       0x14 ./Drivers/BSP/LED12A1/led12a1.o
 .rodata.LED12A1_SetDeviceAddr
                0x00000000080048c8       0x14 ./Drivers/BSP/LED12A1/led12a1.o
 .rodata.APBPrescTable
                0x00000000080048dc       0x20 ./Drivers/CMSIS/system_stm32g0xx.o
                0x00000000080048dc                APBPrescTable
 .rodata.UARTPrescTable
                0x00000000080048fc       0x18 ./Drivers/STM32G0xx_HAL_Driver/stm32g0xx_hal_uart.o
                0x00000000080048fc                UARTPrescTable
 .rodata.numerator.1
                0x0000000008004914        0x8 ./Drivers/STM32G0xx_HAL_Driver/stm32g0xx_hal_uart_ex.o
 .rodata.denominator.0
                0x000000000800491c        0x8 ./Drivers/STM32G0xx_HAL_Driver/stm32g0xx_hal_uart_ex.o
                0x0000000008004924                . = ALIGN (0x4)

.ARM.extab      0x0000000008004924        0x0
                0x0000000008004924                . = ALIGN (0x4)
 *(.ARM.extab* .gnu.linkonce.armextab.*)
                0x0000000008004924                . = ALIGN (0x4)

.ARM            0x0000000008004924        0x8
                0x0000000008004924                . = ALIGN (0x4)
                0x0000000008004924                __exidx_start = .
 *(.ARM.exidx*)
 .ARM.exidx     0x0000000008004924        0x8 c:/st/stm32cubeide_1.12.0/stm32cubeide/plugins/com.st.stm32cube.ide.mcu.externaltools.gnu-tools-for-stm32.10.3-2021.10.win32_1.0.200.202301161003/tools/bin/../lib/gcc/arm-none-eabi/10.3.1/thumb/v6-m/nofp\libgcc.a(_udivmoddi4.o)
                0x000000000800492c                __exidx_end = .
                0x000000000800492c                . = ALIGN (0x4)

.rel.dyn        0x000000000800492c        0x0
 .rel.iplt      0x000000000800492c        0x0 c:/st/stm32cubeide_1.12.0/stm32cubeide/plugins/com.st.stm32cube.ide.mcu.externaltools.gnu-tools-for-stm32.10.3-2021.10.win32_1.0.200.202301161003/tools/bin/../lib/gcc/arm-none-eabi/10.3.1/thumb/v6-m/nofp/crtbegin.o

.preinit_array  0x000000000800492c        0x0
                0x000000000800492c                . = ALIGN (0x4)
                0x000000000800492c                PROVIDE (__preinit_array_start = .)
 *(.preinit_array*)
                0x000000000800492c                PROVIDE (__preinit_array_end = .)
                0x000000000800492c                . = ALIGN (0x4)

.init_array     0x000000000800492c        0x4
                0x000000000800492c                . = ALIGN (0x4)
                0x000000000800492c                PROVIDE (__init_array_start = .)
 *(SORT_BY_NAME(.init_array.*))
 *(.init_array*)
 .init_array    0x000000000800492c        0x4 c:/st/stm32cubeide_1.12.0/stm32cubeide/plugins/com.st.stm32cube.ide.mcu.externaltools.gnu-tools-for-stm32.10.3-2021.10.win32_1.0.200.202301161003/tools/bin/../lib/gcc/arm-none-eabi/10.3.1/thumb/v6-m/nofp/crtbegin.o
                0x0000000008004930                PROVIDE (__init_array_end = .)
                0x0000000008004930                . = ALIGN (0x4)

.fini_array     0x0000000008004930        0x4
                0x0000000008004930                . = ALIGN (0x4)
                [!provide]                        PROVIDE (__fini_array_start = .)
 *(SORT_BY_NAME(.fini_array.*))
 *(.fini_array*)
 .fini_array    0x0000000008004930        0x4 c:/st/stm32cubeide_1.12.0/stm32cubeide/plugins/com.st.stm32cube.ide.mcu.externaltools.gnu-tools-for-stm32.10.3-2021.10.win32_1.0.200.202301161003/tools/bin/../lib/gcc/arm-none-eabi/10.3.1/thumb/v6-m/nofp/crtbegin.o
                [!provide]                        PROVIDE (__fini_array_end = .)
                0x0000000008004934                . = ALIGN (0x4)
                0x0000000008004934                _sidata = LOADADDR (.data)

.data           0x0000000020000000        0xc load address 0x0000000008004934
                0x0000000020000000                . = ALIGN (0x4)
                0x0000000020000000                _sdata = .
 *(.data)
 *(.data*)
 .data.SystemCoreClock
                0x0000000020000000        0x4 ./Drivers/CMSIS/system_stm32g0xx.o
                0x0000000020000000                SystemCoreClock
 .data.uwTickPrio
                0x0000000020000004        0x4 ./Drivers/STM32G0xx_HAL_Driver/stm32g0xx_hal.o
                0x0000000020000004                uwTickPrio
 .data.uwTickFreq
                0x0000000020000008        0x1 ./Drivers/STM32G0xx_HAL_Driver/stm32g0xx_hal.o
                0x0000000020000008                uwTickFreq
                0x000000002000000c                . = ALIGN (0x4)
 *fill*         0x0000000020000009        0x3 
                0x000000002000000c                _edata = .

.igot.plt       0x000000002000000c        0x0 load address 0x0000000008004940
 .igot.plt      0x000000002000000c        0x0 c:/st/stm32cubeide_1.12.0/stm32cubeide/plugins/com.st.stm32cube.ide.mcu.externaltools.gnu-tools-for-stm32.10.3-2021.10.win32_1.0.200.202301161003/tools/bin/../lib/gcc/arm-none-eabi/10.3.1/thumb/v6-m/nofp/crtbegin.o
                0x000000002000000c                . = ALIGN (0x4)

.bss            0x000000002000000c      0x264 load address 0x0000000008004940
                0x000000002000000c                _sbss = .
                0x000000002000000c                __bss_start__ = _sbss
 *(.bss)
 .bss           0x000000002000000c       0x1c c:/st/stm32cubeide_1.12.0/stm32cubeide/plugins/com.st.stm32cube.ide.mcu.externaltools.gnu-tools-for-stm32.10.3-2021.10.win32_1.0.200.202301161003/tools/bin/../lib/gcc/arm-none-eabi/10.3.1/thumb/v6-m/nofp/crtbegin.o
 *(.bss*)
 .bss.bridge_IN_buffer
                0x0000000020000028       0x40 ./Application/Custom/bridge.o
                0x0000000020000028                bridge_IN_buffer
 .bss.bridge_OUT_buffer
                0x0000000020000068       0x40 ./Application/Custom/bridge.o
                0x0000000020000068                bridge_OUT_buffer
 .bss.interface_mode
                0x00000000200000a8        0x1 ./Application/Custom/bridge.o
                0x00000000200000a8                interface_mode
 *fill*         0x00000000200000a9        0x3 
 .bss.hi2c1     0x00000000200000ac       0x54 ./Application/User/main.o
                0x00000000200000ac                hi2c1
 .bss.htim2     0x0000000020000100       0x4c ./Application/User/main.o
                0x0000000020000100                htim2
 .bss.htim3     0x000000002000014c       0x4c ./Application/User/main.o
                0x000000002000014c                htim3
 .bss.huart2    0x0000000020000198       0x94 ./Application/User/main.o
                0x0000000020000198                huart2
 .bss.DevAddrArray
                0x000000002000022c        0xa ./Application/User/main.o
                0x000000002000022c                DevAddrArray
 .bss.NumOfDev  0x0000000020000236        0x1 ./Application/User/main.o
                0x0000000020000236                NumOfDev
 *fill*         0x0000000020000237        0x1 
 .bss.digCurrReg
                0x0000000020000238        0x2 ./Application/User/main.o
                0x0000000020000238                digCurrReg
 .bss.dev       0x000000002000023a        0x1 ./Application/User/main.o
                0x000000002000023a                dev
 *fill*         0x000000002000023b        0x1 
 .bss.TmpStatus
                0x000000002000023c        0x4 ./Drivers/BSP/Components/led1202.o
                0x000000002000023c                TmpStatus
 .bss.LED1202Obj
                0x0000000020000240       0x2c ./Drivers/BSP/LED12A1/led12a1.o
                0x0000000020000240                LED1202Obj
 .bss.uwTick    0x000000002000026c        0x4 ./Drivers/STM32G0xx_HAL_Driver/stm32g0xx_hal.o
                0x000000002000026c                uwTick
 *(COMMON)
                0x0000000020000270                . = ALIGN (0x4)
                0x0000000020000270                _ebss = .
                0x0000000020000270                __bss_end__ = _ebss

._user_heap_stack
                0x0000000020000270      0x600 load address 0x0000000008004940
                0x0000000020000270                . = ALIGN (0x8)
                [!provide]                        PROVIDE (end = .)
                0x0000000020000270                PROVIDE (_end = .)
                0x0000000020000470                . = (. + _Min_Heap_Size)
 *fill*         0x0000000020000270      0x200 
                0x0000000020000870                . = (. + _Min_Stack_Size)
 *fill*         0x0000000020000470      0x400 
                0x0000000020000870                . = ALIGN (0x8)

/DISCARD/
 libc.a(*)
 libm.a(*)
 libgcc.a(*)

.ARM.attributes
                0x0000000000000000       0x28
 *(.ARM.attributes)
 .ARM.attributes
                0x0000000000000000       0x1e c:/st/stm32cubeide_1.12.0/stm32cubeide/plugins/com.st.stm32cube.ide.mcu.externaltools.gnu-tools-for-stm32.10.3-2021.10.win32_1.0.200.202301161003/tools/bin/../lib/gcc/arm-none-eabi/10.3.1/thumb/v6-m/nofp/crti.o
 .ARM.attributes
                0x000000000000001e       0x2c c:/st/stm32cubeide_1.12.0/stm32cubeide/plugins/com.st.stm32cube.ide.mcu.externaltools.gnu-tools-for-stm32.10.3-2021.10.win32_1.0.200.202301161003/tools/bin/../lib/gcc/arm-none-eabi/10.3.1/thumb/v6-m/nofp/crtbegin.o
 .ARM.attributes
                0x000000000000004a       0x2c ./Application/Custom/bridge.o
 .ARM.attributes
                0x0000000000000076       0x22 ./Application/Startup/startup_stm32g0b1retx.o
 .ARM.attributes
                0x0000000000000098       0x2c ./Application/User/main.o
 .ARM.attributes
                0x00000000000000c4       0x2c ./Application/User/stm32g0xx_hal_msp.o
 .ARM.attributes
                0x00000000000000f0       0x2c ./Application/User/stm32g0xx_it.o
 .ARM.attributes
                0x000000000000011c       0x2c ./Drivers/BSP/Components/led1202.o
 .ARM.attributes
                0x0000000000000148       0x2c ./Drivers/BSP/Components/led1202_reg.o
 .ARM.attributes
                0x0000000000000174       0x2c ./Drivers/BSP/LED12A1/led12a1.o
 .ARM.attributes
                0x00000000000001a0       0x2c ./Drivers/CMSIS/system_stm32g0xx.o
 .ARM.attributes
                0x00000000000001cc       0x2c ./Drivers/STM32G0xx_HAL_Driver/stm32g0xx_hal.o
 .ARM.attributes
                0x00000000000001f8       0x2c ./Drivers/STM32G0xx_HAL_Driver/stm32g0xx_hal_cortex.o
 .ARM.attributes
                0x0000000000000224       0x2c ./Drivers/STM32G0xx_HAL_Driver/stm32g0xx_hal_gpio.o
 .ARM.attributes
                0x0000000000000250       0x2c ./Drivers/STM32G0xx_HAL_Driver/stm32g0xx_hal_i2c.o
 .ARM.attributes
                0x000000000000027c       0x2c ./Drivers/STM32G0xx_HAL_Driver/stm32g0xx_hal_i2c_ex.o
 .ARM.attributes
                0x00000000000002a8       0x2c ./Drivers/STM32G0xx_HAL_Driver/stm32g0xx_hal_rcc.o
 .ARM.attributes
                0x00000000000002d4       0x2c ./Drivers/STM32G0xx_HAL_Driver/stm32g0xx_hal_tim.o
 .ARM.attributes
                0x0000000000000300       0x2c ./Drivers/STM32G0xx_HAL_Driver/stm32g0xx_hal_tim_ex.o
 .ARM.attributes
                0x000000000000032c       0x2c ./Drivers/STM32G0xx_HAL_Driver/stm32g0xx_hal_uart.o
 .ARM.attributes
                0x0000000000000358       0x2c ./Drivers/STM32G0xx_HAL_Driver/stm32g0xx_hal_uart_ex.o
 .ARM.attributes
                0x0000000000000384       0x2c ./Drivers/STM32G0xx_HAL_Driver/stm32g0xx_ll_exti.o
 .ARM.attributes
                0x00000000000003b0       0x2c ./Drivers/STM32G0xx_HAL_Driver/stm32g0xx_ll_gpio.o
 .ARM.attributes
                0x00000000000003dc       0x2c ./Drivers/STM32G0xx_HAL_Driver/stm32g0xx_ll_utils.o
 .ARM.attributes
                0x0000000000000408       0x2c c:/st/stm32cubeide_1.12.0/stm32cubeide/plugins/com.st.stm32cube.ide.mcu.externaltools.gnu-tools-for-stm32.10.3-2021.10.win32_1.0.200.202301161003/tools/bin/../lib/gcc/arm-none-eabi/10.3.1/../../../../arm-none-eabi/lib/thumb/v6-m/nofp\libc_nano.a(lib_a-init.o)
 .ARM.attributes
                0x0000000000000434       0x2c c:/st/stm32cubeide_1.12.0/stm32cubeide/plugins/com.st.stm32cube.ide.mcu.externaltools.gnu-tools-for-stm32.10.3-2021.10.win32_1.0.200.202301161003/tools/bin/../lib/gcc/arm-none-eabi/10.3.1/../../../../arm-none-eabi/lib/thumb/v6-m/nofp\libc_nano.a(lib_a-memset.o)
 .ARM.attributes
                0x0000000000000460       0x1e c:/st/stm32cubeide_1.12.0/stm32cubeide/plugins/com.st.stm32cube.ide.mcu.externaltools.gnu-tools-for-stm32.10.3-2021.10.win32_1.0.200.202301161003/tools/bin/../lib/gcc/arm-none-eabi/10.3.1/thumb/v6-m/nofp\libgcc.a(_udivsi3.o)
 .ARM.attributes
                0x000000000000047e       0x1e c:/st/stm32cubeide_1.12.0/stm32cubeide/plugins/com.st.stm32cube.ide.mcu.externaltools.gnu-tools-for-stm32.10.3-2021.10.win32_1.0.200.202301161003/tools/bin/../lib/gcc/arm-none-eabi/10.3.1/thumb/v6-m/nofp\libgcc.a(_divsi3.o)
 .ARM.attributes
                0x000000000000049c       0x1e c:/st/stm32cubeide_1.12.0/stm32cubeide/plugins/com.st.stm32cube.ide.mcu.externaltools.gnu-tools-for-stm32.10.3-2021.10.win32_1.0.200.202301161003/tools/bin/../lib/gcc/arm-none-eabi/10.3.1/thumb/v6-m/nofp\libgcc.a(_dvmd_tls.o)
 .ARM.attributes
                0x00000000000004ba       0x1e c:/st/stm32cubeide_1.12.0/stm32cubeide/plugins/com.st.stm32cube.ide.mcu.externaltools.gnu-tools-for-stm32.10.3-2021.10.win32_1.0.200.202301161003/tools/bin/../lib/gcc/arm-none-eabi/10.3.1/thumb/v6-m/nofp\libgcc.a(_aeabi_uldivmod.o)
 .ARM.attributes
                0x00000000000004d8       0x2c c:/st/stm32cubeide_1.12.0/stm32cubeide/plugins/com.st.stm32cube.ide.mcu.externaltools.gnu-tools-for-stm32.10.3-2021.10.win32_1.0.200.202301161003/tools/bin/../lib/gcc/arm-none-eabi/10.3.1/thumb/v6-m/nofp\libgcc.a(_udivmoddi4.o)
 .ARM.attributes
                0x0000000000000504       0x1e c:/st/stm32cubeide_1.12.0/stm32cubeide/plugins/com.st.stm32cube.ide.mcu.externaltools.gnu-tools-for-stm32.10.3-2021.10.win32_1.0.200.202301161003/tools/bin/../lib/gcc/arm-none-eabi/10.3.1/thumb/v6-m/nofp\libgcc.a(_clzdi2.o)
 .ARM.attributes
                0x0000000000000522       0x1e c:/st/stm32cubeide_1.12.0/stm32cubeide/plugins/com.st.stm32cube.ide.mcu.externaltools.gnu-tools-for-stm32.10.3-2021.10.win32_1.0.200.202301161003/tools/bin/../lib/gcc/arm-none-eabi/10.3.1/thumb/v6-m/nofp\libgcc.a(_clzsi2.o)
 .ARM.attributes
                0x0000000000000540       0x1e c:/st/stm32cubeide_1.12.0/stm32cubeide/plugins/com.st.stm32cube.ide.mcu.externaltools.gnu-tools-for-stm32.10.3-2021.10.win32_1.0.200.202301161003/tools/bin/../lib/gcc/arm-none-eabi/10.3.1/thumb/v6-m/nofp/crtn.o
OUTPUT(GPIO_InfiniteLedToggling_Init.elf elf32-littlearm)
LOAD linker stubs
LOAD c:/st/stm32cubeide_1.12.0/stm32cubeide/plugins/com.st.stm32cube.ide.mcu.externaltools.gnu-tools-for-stm32.10.3-2021.10.win32_1.0.200.202301161003/tools/bin/../lib/gcc/arm-none-eabi/10.3.1/../../../../arm-none-eabi/lib/thumb/v6-m/nofp\libc.a
LOAD c:/st/stm32cubeide_1.12.0/stm32cubeide/plugins/com.st.stm32cube.ide.mcu.externaltools.gnu-tools-for-stm32.10.3-2021.10.win32_1.0.200.202301161003/tools/bin/../lib/gcc/arm-none-eabi/10.3.1/../../../../arm-none-eabi/lib/thumb/v6-m/nofp\libm.a
LOAD c:/st/stm32cubeide_1.12.0/stm32cubeide/plugins/com.st.stm32cube.ide.mcu.externaltools.gnu-tools-for-stm32.10.3-2021.10.win32_1.0.200.202301161003/tools/bin/../lib/gcc/arm-none-eabi/10.3.1/thumb/v6-m/nofp\libgcc.a

.debug_info     0x0000000000000000    0x17da5
 .debug_info    0x0000000000000000     0x1439 ./Application/Custom/bridge.o
 .debug_info    0x0000000000001439       0x22 ./Application/Startup/startup_stm32g0b1retx.o
 .debug_info    0x000000000000145b     0x2028 ./Application/User/main.o
 .debug_info    0x0000000000003483     0x13d9 ./Application/User/stm32g0xx_hal_msp.o
 .debug_info    0x000000000000485c      0x11e ./Application/User/stm32g0xx_it.o
 .debug_info    0x000000000000497a      0xbb1 ./Drivers/BSP/Components/led1202.o
 .debug_info    0x000000000000552b      0x211 ./Drivers/BSP/Components/led1202_reg.o
 .debug_info    0x000000000000573c     0x1458 ./Drivers/BSP/LED12A1/led12a1.o
 .debug_info    0x0000000000006b94      0x3fd ./Drivers/CMSIS/system_stm32g0xx.o
 .debug_info    0x0000000000006f91      0xb4d ./Drivers/STM32G0xx_HAL_Driver/stm32g0xx_hal.o
 .debug_info    0x0000000000007ade      0x90d ./Drivers/STM32G0xx_HAL_Driver/stm32g0xx_hal_cortex.o
 .debug_info    0x00000000000083eb      0x647 ./Drivers/STM32G0xx_HAL_Driver/stm32g0xx_hal_gpio.o
 .debug_info    0x0000000000008a32     0x23b8 ./Drivers/STM32G0xx_HAL_Driver/stm32g0xx_hal_i2c.o
 .debug_info    0x000000000000adea      0xada ./Drivers/STM32G0xx_HAL_Driver/stm32g0xx_hal_i2c_ex.o
 .debug_info    0x000000000000b8c4      0xc08 ./Drivers/STM32G0xx_HAL_Driver/stm32g0xx_hal_rcc.o
 .debug_info    0x000000000000c4cc     0x2e70 ./Drivers/STM32G0xx_HAL_Driver/stm32g0xx_hal_tim.o
 .debug_info    0x000000000000f33c     0x1a74 ./Drivers/STM32G0xx_HAL_Driver/stm32g0xx_hal_tim_ex.o
 .debug_info    0x0000000000010db0     0x4a3c ./Drivers/STM32G0xx_HAL_Driver/stm32g0xx_hal_uart.o
 .debug_info    0x00000000000157ec     0x108d ./Drivers/STM32G0xx_HAL_Driver/stm32g0xx_hal_uart_ex.o
 .debug_info    0x0000000000016879      0x526 ./Drivers/STM32G0xx_HAL_Driver/stm32g0xx_ll_exti.o
 .debug_info    0x0000000000016d9f      0x64f ./Drivers/STM32G0xx_HAL_Driver/stm32g0xx_ll_gpio.o
 .debug_info    0x00000000000173ee      0x9b7 ./Drivers/STM32G0xx_HAL_Driver/stm32g0xx_ll_utils.o

.debug_abbrev   0x0000000000000000     0x2cd3
 .debug_abbrev  0x0000000000000000      0x20b ./Application/Custom/bridge.o
 .debug_abbrev  0x000000000000020b       0x12 ./Application/Startup/startup_stm32g0b1retx.o
 .debug_abbrev  0x000000000000021d      0x389 ./Application/User/main.o
 .debug_abbrev  0x00000000000005a6      0x21a ./Application/User/stm32g0xx_hal_msp.o
 .debug_abbrev  0x00000000000007c0       0xad ./Application/User/stm32g0xx_it.o
 .debug_abbrev  0x000000000000086d      0x1c9 ./Drivers/BSP/Components/led1202.o
 .debug_abbrev  0x0000000000000a36       0xf2 ./Drivers/BSP/Components/led1202_reg.o
 .debug_abbrev  0x0000000000000b28      0x2dd ./Drivers/BSP/LED12A1/led12a1.o
 .debug_abbrev  0x0000000000000e05      0x116 ./Drivers/CMSIS/system_stm32g0xx.o
 .debug_abbrev  0x0000000000000f1b      0x278 ./Drivers/STM32G0xx_HAL_Driver/stm32g0xx_hal.o
 .debug_abbrev  0x0000000000001193      0x29f ./Drivers/STM32G0xx_HAL_Driver/stm32g0xx_hal_cortex.o
 .debug_abbrev  0x0000000000001432      0x1b9 ./Drivers/STM32G0xx_HAL_Driver/stm32g0xx_hal_gpio.o
 .debug_abbrev  0x00000000000015eb      0x26d ./Drivers/STM32G0xx_HAL_Driver/stm32g0xx_hal_i2c.o
 .debug_abbrev  0x0000000000001858      0x1c6 ./Drivers/STM32G0xx_HAL_Driver/stm32g0xx_hal_i2c_ex.o
 .debug_abbrev  0x0000000000001a1e      0x2ae ./Drivers/STM32G0xx_HAL_Driver/stm32g0xx_hal_rcc.o
 .debug_abbrev  0x0000000000001ccc      0x275 ./Drivers/STM32G0xx_HAL_Driver/stm32g0xx_hal_tim.o
 .debug_abbrev  0x0000000000001f41      0x281 ./Drivers/STM32G0xx_HAL_Driver/stm32g0xx_hal_tim_ex.o
 .debug_abbrev  0x00000000000021c2      0x2ff ./Drivers/STM32G0xx_HAL_Driver/stm32g0xx_hal_uart.o
 .debug_abbrev  0x00000000000024c1      0x2c4 ./Drivers/STM32G0xx_HAL_Driver/stm32g0xx_hal_uart_ex.o
 .debug_abbrev  0x0000000000002785      0x18b ./Drivers/STM32G0xx_HAL_Driver/stm32g0xx_ll_exti.o
 .debug_abbrev  0x0000000000002910      0x1a2 ./Drivers/STM32G0xx_HAL_Driver/stm32g0xx_ll_gpio.o
 .debug_abbrev  0x0000000000002ab2      0x221 ./Drivers/STM32G0xx_HAL_Driver/stm32g0xx_ll_utils.o

.debug_aranges  0x0000000000000000     0x13b0
 .debug_aranges
                0x0000000000000000       0x28 ./Application/Custom/bridge.o
 .debug_aranges
                0x0000000000000028       0x28 ./Application/Startup/startup_stm32g0b1retx.o
 .debug_aranges
                0x0000000000000050       0xe8 ./Application/User/main.o
 .debug_aranges
                0x0000000000000138       0x60 ./Application/User/stm32g0xx_hal_msp.o
 .debug_aranges
                0x0000000000000198       0x40 ./Application/User/stm32g0xx_it.o
 .debug_aranges
                0x00000000000001d8       0xb0 ./Drivers/BSP/Components/led1202.o
 .debug_aranges
                0x0000000000000288       0x28 ./Drivers/BSP/Components/led1202_reg.o
 .debug_aranges
                0x00000000000002b0       0x98 ./Drivers/BSP/LED12A1/led12a1.o
 .debug_aranges
                0x0000000000000348       0x28 ./Drivers/CMSIS/system_stm32g0xx.o
 .debug_aranges
                0x0000000000000370      0x130 ./Drivers/STM32G0xx_HAL_Driver/stm32g0xx_hal.o
 .debug_aranges
                0x00000000000004a0       0xd8 ./Drivers/STM32G0xx_HAL_Driver/stm32g0xx_hal_cortex.o
 .debug_aranges
                0x0000000000000578       0x60 ./Drivers/STM32G0xx_HAL_Driver/stm32g0xx_hal_gpio.o
 .debug_aranges
                0x00000000000005d8      0x2a0 ./Drivers/STM32G0xx_HAL_Driver/stm32g0xx_hal_i2c.o
 .debug_aranges
                0x0000000000000878       0x48 ./Drivers/STM32G0xx_HAL_Driver/stm32g0xx_hal_i2c_ex.o
 .debug_aranges
                0x00000000000008c0       0xa0 ./Drivers/STM32G0xx_HAL_Driver/stm32g0xx_hal_rcc.o
 .debug_aranges
                0x0000000000000960      0x3e0 ./Drivers/STM32G0xx_HAL_Driver/stm32g0xx_hal_tim.o
 .debug_aranges
                0x0000000000000d40      0x198 ./Drivers/STM32G0xx_HAL_Driver/stm32g0xx_hal_tim_ex.o
 .debug_aranges
                0x0000000000000ed8      0x248 ./Drivers/STM32G0xx_HAL_Driver/stm32g0xx_hal_uart.o
 .debug_aranges
                0x0000000000001120       0xa8 ./Drivers/STM32G0xx_HAL_Driver/stm32g0xx_hal_uart_ex.o
 .debug_aranges
                0x00000000000011c8       0x90 ./Drivers/STM32G0xx_HAL_Driver/stm32g0xx_ll_exti.o
 .debug_aranges
                0x0000000000001258       0x70 ./Drivers/STM32G0xx_HAL_Driver/stm32g0xx_ll_gpio.o
 .debug_aranges
                0x00000000000012c8       0xe8 ./Drivers/STM32G0xx_HAL_Driver/stm32g0xx_ll_utils.o

.debug_ranges   0x0000000000000000     0x1288
 .debug_ranges  0x0000000000000000       0x18 ./Application/Custom/bridge.o
 .debug_ranges  0x0000000000000018       0x20 ./Application/Startup/startup_stm32g0b1retx.o
 .debug_ranges  0x0000000000000038       0xd8 ./Application/User/main.o
 .debug_ranges  0x0000000000000110       0x50 ./Application/User/stm32g0xx_hal_msp.o
 .debug_ranges  0x0000000000000160       0x30 ./Application/User/stm32g0xx_it.o
 .debug_ranges  0x0000000000000190       0xa0 ./Drivers/BSP/Components/led1202.o
 .debug_ranges  0x0000000000000230       0x18 ./Drivers/BSP/Components/led1202_reg.o
 .debug_ranges  0x0000000000000248       0x88 ./Drivers/BSP/LED12A1/led12a1.o
 .debug_ranges  0x00000000000002d0       0x18 ./Drivers/CMSIS/system_stm32g0xx.o
 .debug_ranges  0x00000000000002e8      0x120 ./Drivers/STM32G0xx_HAL_Driver/stm32g0xx_hal.o
 .debug_ranges  0x0000000000000408       0xc8 ./Drivers/STM32G0xx_HAL_Driver/stm32g0xx_hal_cortex.o
 .debug_ranges  0x00000000000004d0       0x50 ./Drivers/STM32G0xx_HAL_Driver/stm32g0xx_hal_gpio.o
 .debug_ranges  0x0000000000000520      0x290 ./Drivers/STM32G0xx_HAL_Driver/stm32g0xx_hal_i2c.o
 .debug_ranges  0x00000000000007b0       0x38 ./Drivers/STM32G0xx_HAL_Driver/stm32g0xx_hal_i2c_ex.o
 .debug_ranges  0x00000000000007e8       0x90 ./Drivers/STM32G0xx_HAL_Driver/stm32g0xx_hal_rcc.o
 .debug_ranges  0x0000000000000878      0x3d0 ./Drivers/STM32G0xx_HAL_Driver/stm32g0xx_hal_tim.o
 .debug_ranges  0x0000000000000c48      0x188 ./Drivers/STM32G0xx_HAL_Driver/stm32g0xx_hal_tim_ex.o
 .debug_ranges  0x0000000000000dd0      0x268 ./Drivers/STM32G0xx_HAL_Driver/stm32g0xx_hal_uart.o
 .debug_ranges  0x0000000000001038       0x98 ./Drivers/STM32G0xx_HAL_Driver/stm32g0xx_hal_uart_ex.o
 .debug_ranges  0x00000000000010d0       0x80 ./Drivers/STM32G0xx_HAL_Driver/stm32g0xx_ll_exti.o
 .debug_ranges  0x0000000000001150       0x60 ./Drivers/STM32G0xx_HAL_Driver/stm32g0xx_ll_gpio.o
 .debug_ranges  0x00000000000011b0       0xd8 ./Drivers/STM32G0xx_HAL_Driver/stm32g0xx_ll_utils.o

.debug_macro    0x0000000000000000    0x1f46a
 .debug_macro   0x0000000000000000      0x275 ./Application/Custom/bridge.o
 .debug_macro   0x0000000000000275      0xa54 ./Application/Custom/bridge.o
 .debug_macro   0x0000000000000cc9       0x2e ./Application/Custom/bridge.o
 .debug_macro   0x0000000000000cf7       0x28 ./Application/Custom/bridge.o
 .debug_macro   0x0000000000000d1f       0x22 ./Application/Custom/bridge.o
 .debug_macro   0x0000000000000d41       0x8e ./Application/Custom/bridge.o
 .debug_macro   0x0000000000000dcf       0x51 ./Application/Custom/bridge.o
 .debug_macro   0x0000000000000e20      0x103 ./Application/Custom/bridge.o
 .debug_macro   0x0000000000000f23       0x6a ./Application/Custom/bridge.o
 .debug_macro   0x0000000000000f8d      0x1df ./Application/Custom/bridge.o
 .debug_macro   0x000000000000116c       0x1c ./Application/Custom/bridge.o
 .debug_macro   0x0000000000001188       0x22 ./Application/Custom/bridge.o
 .debug_macro   0x00000000000011aa       0xd1 ./Application/Custom/bridge.o
 .debug_macro   0x000000000000127b      0x4da ./Application/Custom/bridge.o
 .debug_macro   0x0000000000001755      0x11f ./Application/Custom/bridge.o
 .debug_macro   0x0000000000001874     0xf3bb ./Application/Custom/bridge.o
 .debug_macro   0x0000000000010c2f       0x66 ./Application/Custom/bridge.o
 .debug_macro   0x0000000000010c95      0x130 ./Application/Custom/bridge.o
 .debug_macro   0x0000000000010dc5     0x34fd ./Application/Custom/bridge.o
 .debug_macro   0x00000000000142c2      0x174 ./Application/Custom/bridge.o
 .debug_macro   0x0000000000014436       0x5c ./Application/Custom/bridge.o
 .debug_macro   0x0000000000014492      0x73a ./Application/Custom/bridge.o
 .debug_macro   0x0000000000014bcc     0x1509 ./Application/Custom/bridge.o
 .debug_macro   0x00000000000160d5      0x535 ./Application/Custom/bridge.o
 .debug_macro   0x000000000001660a      0x1cf ./Application/Custom/bridge.o
 .debug_macro   0x00000000000167d9      0x25b ./Application/Custom/bridge.o
 .debug_macro   0x0000000000016a34      0x4f5 ./Application/Custom/bridge.o
 .debug_macro   0x0000000000016f29      0x287 ./Application/Custom/bridge.o
 .debug_macro   0x00000000000171b0      0x417 ./Application/Custom/bridge.o
 .debug_macro   0x00000000000175c7      0x1b2 ./Application/Custom/bridge.o
 .debug_macro   0x0000000000017779       0x43 ./Application/Custom/bridge.o
 .debug_macro   0x00000000000177bc      0x1f1 ./Application/Custom/bridge.o
 .debug_macro   0x00000000000179ad      0x1e4 ./Application/Custom/bridge.o
 .debug_macro   0x0000000000017b91      0x3fa ./Application/Custom/bridge.o
 .debug_macro   0x0000000000017f8b       0x28 ./Application/Custom/bridge.o
 .debug_macro   0x0000000000017fb3      0x123 ./Application/Custom/bridge.o
 .debug_macro   0x00000000000180d6      0x22c ./Application/Custom/bridge.o
 .debug_macro   0x0000000000018302       0x67 ./Application/Custom/bridge.o
 .debug_macro   0x0000000000018369       0xa5 ./Application/Custom/bridge.o
 .debug_macro   0x000000000001840e      0x145 ./Application/Custom/bridge.o
 .debug_macro   0x0000000000018553      0x30b ./Application/Custom/bridge.o
 .debug_macro   0x000000000001885e      0xade ./Application/Custom/bridge.o
 .debug_macro   0x000000000001933c      0x239 ./Application/Custom/bridge.o
 .debug_macro   0x0000000000019575      0x693 ./Application/Custom/bridge.o
 .debug_macro   0x0000000000019c08       0xa6 ./Application/Custom/bridge.o
 .debug_macro   0x0000000000019cae      0x5df ./Application/Custom/bridge.o
 .debug_macro   0x000000000001a28d       0x22 ./Application/Custom/bridge.o
 .debug_macro   0x000000000001a2af      0x100 ./Application/Custom/bridge.o
 .debug_macro   0x000000000001a3af      0x171 ./Application/Custom/bridge.o
 .debug_macro   0x000000000001a520       0xd0 ./Application/Custom/bridge.o
 .debug_macro   0x000000000001a5f0      0x18e ./Application/Custom/bridge.o
 .debug_macro   0x000000000001a77e      0x1f0 ./Application/Custom/bridge.o
 .debug_macro   0x000000000001a96e      0x174 ./Application/Custom/bridge.o
 .debug_macro   0x000000000001aae2       0x7d ./Application/Custom/bridge.o
 .debug_macro   0x000000000001ab5f      0x1ef ./Application/Custom/bridge.o
 .debug_macro   0x000000000001ad4e      0x146 ./Application/Custom/bridge.o
 .debug_macro   0x000000000001ae94       0x70 ./Application/Custom/bridge.o
 .debug_macro   0x000000000001af04      0x40c ./Application/User/main.o
 .debug_macro   0x000000000001b310       0x52 ./Application/User/main.o
 .debug_macro   0x000000000001b362       0x18 ./Application/User/main.o
 .debug_macro   0x000000000001b37a       0x3c ./Application/User/main.o
 .debug_macro   0x000000000001b3b6       0x34 ./Application/User/main.o
 .debug_macro   0x000000000001b3ea       0x16 ./Application/User/main.o
 .debug_macro   0x000000000001b400       0x35 ./Application/User/main.o
 .debug_macro   0x000000000001b435      0x341 ./Application/User/main.o
 .debug_macro   0x000000000001b776       0x10 ./Application/User/main.o
 .debug_macro   0x000000000001b786       0x16 ./Application/User/main.o
 .debug_macro   0x000000000001b79c       0x43 ./Application/User/main.o
 .debug_macro   0x000000000001b7df       0x34 ./Application/User/main.o
 .debug_macro   0x000000000001b813       0x10 ./Application/User/main.o
 .debug_macro   0x000000000001b823       0x58 ./Application/User/main.o
 .debug_macro   0x000000000001b87b       0x71 ./Application/User/main.o
 .debug_macro   0x000000000001b8ec       0x1c ./Application/User/main.o
 .debug_macro   0x000000000001b908      0x12a ./Application/User/main.o
 .debug_macro   0x000000000001ba32       0x10 ./Application/User/main.o
 .debug_macro   0x000000000001ba42       0x1c ./Application/User/main.o
 .debug_macro   0x000000000001ba5e       0x52 ./Application/User/main.o
 .debug_macro   0x000000000001bab0       0x22 ./Application/User/main.o
 .debug_macro   0x000000000001bad2       0x10 ./Application/User/main.o
 .debug_macro   0x000000000001bae2       0x52 ./Application/User/main.o
 .debug_macro   0x000000000001bb34       0xd5 ./Application/User/main.o
 .debug_macro   0x000000000001bc09       0x1c ./Application/User/main.o
 .debug_macro   0x000000000001bc25       0x3d ./Application/User/main.o
 .debug_macro   0x000000000001bc62       0x16 ./Application/User/main.o
 .debug_macro   0x000000000001bc78      0x145 ./Application/User/main.o
 .debug_macro   0x000000000001bdbd      0x330 ./Application/User/main.o
 .debug_macro   0x000000000001c0ed       0x10 ./Application/User/main.o
 .debug_macro   0x000000000001c0fd       0x2e ./Application/User/main.o
 .debug_macro   0x000000000001c12b       0x76 ./Application/User/main.o
 .debug_macro   0x000000000001c1a1      0x257 ./Application/User/stm32g0xx_hal_msp.o
 .debug_macro   0x000000000001c3f8      0x261 ./Application/User/stm32g0xx_it.o
 .debug_macro   0x000000000001c659      0x39b ./Drivers/BSP/Components/led1202.o
 .debug_macro   0x000000000001c9f4      0x32a ./Drivers/BSP/Components/led1202.o
 .debug_macro   0x000000000001cd1e       0x97 ./Drivers/BSP/Components/led1202.o
 .debug_macro   0x000000000001cdb5       0xfd ./Drivers/BSP/Components/led1202.o
 .debug_macro   0x000000000001ceb2       0x56 ./Drivers/BSP/Components/led1202.o
 .debug_macro   0x000000000001cf08       0x28 ./Drivers/BSP/Components/led1202.o
 .debug_macro   0x000000000001cf30       0x7b ./Drivers/BSP/Components/led1202_reg.o
 .debug_macro   0x000000000001cfab       0x16 ./Drivers/BSP/Components/led1202_reg.o
 .debug_macro   0x000000000001cfc1      0x2a2 ./Drivers/BSP/LED12A1/led12a1.o
 .debug_macro   0x000000000001d263       0x28 ./Drivers/BSP/LED12A1/led12a1.o
 .debug_macro   0x000000000001d28b      0x1fe ./Drivers/CMSIS/system_stm32g0xx.o
 .debug_macro   0x000000000001d489      0x21c ./Drivers/STM32G0xx_HAL_Driver/stm32g0xx_hal.o
 .debug_macro   0x000000000001d6a5      0x1f8 ./Drivers/STM32G0xx_HAL_Driver/stm32g0xx_hal_cortex.o
 .debug_macro   0x000000000001d89d      0x1ff ./Drivers/STM32G0xx_HAL_Driver/stm32g0xx_hal_gpio.o
 .debug_macro   0x000000000001da9c      0x2c4 ./Drivers/STM32G0xx_HAL_Driver/stm32g0xx_hal_i2c.o
 .debug_macro   0x000000000001dd60      0x1f8 ./Drivers/STM32G0xx_HAL_Driver/stm32g0xx_hal_i2c_ex.o
 .debug_macro   0x000000000001df58      0x24c ./Drivers/STM32G0xx_HAL_Driver/stm32g0xx_hal_rcc.o
 .debug_macro   0x000000000001e1a4      0x200 ./Drivers/STM32G0xx_HAL_Driver/stm32g0xx_hal_tim.o
 .debug_macro   0x000000000001e3a4      0x1fe ./Drivers/STM32G0xx_HAL_Driver/stm32g0xx_hal_tim_ex.o
 .debug_macro   0x000000000001e5a2      0x223 ./Drivers/STM32G0xx_HAL_Driver/stm32g0xx_hal_uart.o
 .debug_macro   0x000000000001e7c5      0x204 ./Drivers/STM32G0xx_HAL_Driver/stm32g0xx_hal_uart_ex.o
 .debug_macro   0x000000000001e9c9      0x225 ./Drivers/STM32G0xx_HAL_Driver/stm32g0xx_ll_exti.o
 .debug_macro   0x000000000001ebee      0x1ea ./Drivers/STM32G0xx_HAL_Driver/stm32g0xx_ll_exti.o
 .debug_macro   0x000000000001edd8      0x23a ./Drivers/STM32G0xx_HAL_Driver/stm32g0xx_ll_gpio.o
 .debug_macro   0x000000000001f012      0x140 ./Drivers/STM32G0xx_HAL_Driver/stm32g0xx_ll_gpio.o
 .debug_macro   0x000000000001f152      0x2a1 ./Drivers/STM32G0xx_HAL_Driver/stm32g0xx_ll_utils.o
 .debug_macro   0x000000000001f3f3       0x77 ./Drivers/STM32G0xx_HAL_Driver/stm32g0xx_ll_utils.o

.debug_line     0x0000000000000000    0x18d0d
 .debug_line    0x0000000000000000      0xc01 ./Application/Custom/bridge.o
 .debug_line    0x0000000000000c01       0x90 ./Application/Startup/startup_stm32g0b1retx.o
 .debug_line    0x0000000000000c91     0x12d8 ./Application/User/main.o
 .debug_line    0x0000000000001f69      0x9bf ./Application/User/stm32g0xx_hal_msp.o
 .debug_line    0x0000000000002928      0x8ea ./Application/User/stm32g0xx_it.o
 .debug_line    0x0000000000003212      0xe36 ./Drivers/BSP/Components/led1202.o
 .debug_line    0x0000000000004048      0x42f ./Drivers/BSP/Components/led1202_reg.o
 .debug_line    0x0000000000004477      0xc9b ./Drivers/BSP/LED12A1/led12a1.o
 .debug_line    0x0000000000005112      0x84c ./Drivers/CMSIS/system_stm32g0xx.o
 .debug_line    0x000000000000595e      0xbaf ./Drivers/STM32G0xx_HAL_Driver/stm32g0xx_hal.o
 .debug_line    0x000000000000650d      0xc00 ./Drivers/STM32G0xx_HAL_Driver/stm32g0xx_hal_cortex.o
 .debug_line    0x000000000000710d      0xc00 ./Drivers/STM32G0xx_HAL_Driver/stm32g0xx_hal_gpio.o
 .debug_line    0x0000000000007d0d     0x3792 ./Drivers/STM32G0xx_HAL_Driver/stm32g0xx_hal_i2c.o
 .debug_line    0x000000000000b49f      0x9f4 ./Drivers/STM32G0xx_HAL_Driver/stm32g0xx_hal_i2c_ex.o
 .debug_line    0x000000000000be93     0x100b ./Drivers/STM32G0xx_HAL_Driver/stm32g0xx_hal_rcc.o
 .debug_line    0x000000000000ce9e     0x3d23 ./Drivers/STM32G0xx_HAL_Driver/stm32g0xx_hal_tim.o
 .debug_line    0x0000000000010bc1     0x1d5a ./Drivers/STM32G0xx_HAL_Driver/stm32g0xx_hal_tim_ex.o
 .debug_line    0x000000000001291b     0x35d1 ./Drivers/STM32G0xx_HAL_Driver/stm32g0xx_hal_uart.o
 .debug_line    0x0000000000015eec      0xe7e ./Drivers/STM32G0xx_HAL_Driver/stm32g0xx_hal_uart_ex.o
 .debug_line    0x0000000000016d6a      0x9d9 ./Drivers/STM32G0xx_HAL_Driver/stm32g0xx_ll_exti.o
 .debug_line    0x0000000000017743      0x995 ./Drivers/STM32G0xx_HAL_Driver/stm32g0xx_ll_gpio.o
 .debug_line    0x00000000000180d8      0xc35 ./Drivers/STM32G0xx_HAL_Driver/stm32g0xx_ll_utils.o

.debug_str      0x0000000000000000    0xc6746
 .debug_str     0x0000000000000000    0xba289 ./Application/Custom/bridge.o
                                      0xbadaa (size before relaxing)
 .debug_str     0x00000000000ba289       0x3d ./Application/Startup/startup_stm32g0b1retx.o
                                         0xe8 (size before relaxing)
 .debug_str     0x00000000000ba2c6     0x5eac ./Application/User/main.o
                                      0xc0ab6 (size before relaxing)
 .debug_str     0x00000000000c0172      0x1ce ./Application/User/stm32g0xx_hal_msp.o
                                      0xba92d (size before relaxing)
 .debug_str     0x00000000000c0340      0x112 ./Application/User/stm32g0xx_it.o
                                      0xb9bdf (size before relaxing)
 .debug_str     0x00000000000c0452      0x3b5 ./Drivers/BSP/Components/led1202.o
                                      0xbad67 (size before relaxing)
 .debug_str     0x00000000000c0807       0x80 ./Drivers/BSP/Components/led1202_reg.o
                                       0x5166 (size before relaxing)
 .debug_str     0x00000000000c0887      0x22b ./Drivers/BSP/LED12A1/led12a1.o
                                      0xbc001 (size before relaxing)
 .debug_str     0x00000000000c0ab2      0x148 ./Drivers/CMSIS/system_stm32g0xx.o
                                      0xb55a4 (size before relaxing)
 .debug_str     0x00000000000c0bfa      0x7e6 ./Drivers/STM32G0xx_HAL_Driver/stm32g0xx_hal.o
                                      0xb5e3e (size before relaxing)
 .debug_str     0x00000000000c13e0      0x2f1 ./Drivers/STM32G0xx_HAL_Driver/stm32g0xx_hal_cortex.o
                                      0xb5a3e (size before relaxing)
 .debug_str     0x00000000000c16d1      0x1cd ./Drivers/STM32G0xx_HAL_Driver/stm32g0xx_hal_gpio.o
                                      0xb56c8 (size before relaxing)
 .debug_str     0x00000000000c189e      0xdfc ./Drivers/STM32G0xx_HAL_Driver/stm32g0xx_hal_i2c.o
                                      0xb695b (size before relaxing)
 .debug_str     0x00000000000c269a      0x14d ./Drivers/STM32G0xx_HAL_Driver/stm32g0xx_hal_i2c_ex.o
                                      0xb5bf8 (size before relaxing)
 .debug_str     0x00000000000c27e7      0x5be ./Drivers/STM32G0xx_HAL_Driver/stm32g0xx_hal_rcc.o
                                      0xb5c57 (size before relaxing)
 .debug_str     0x00000000000c2da5      0xebd ./Drivers/STM32G0xx_HAL_Driver/stm32g0xx_hal_tim.o
                                      0xb6abe (size before relaxing)
 .debug_str     0x00000000000c3c62      0x68e ./Drivers/STM32G0xx_HAL_Driver/stm32g0xx_hal_tim_ex.o
                                      0xb645c (size before relaxing)
 .debug_str     0x00000000000c42f0      0xa40 ./Drivers/STM32G0xx_HAL_Driver/stm32g0xx_hal_uart.o
                                      0xb6550 (size before relaxing)
 .debug_str     0x00000000000c4d30      0x2f9 ./Drivers/STM32G0xx_HAL_Driver/stm32g0xx_hal_uart_ex.o
                                      0xb5e16 (size before relaxing)
 .debug_str     0x00000000000c5029      0x449 ./Drivers/STM32G0xx_HAL_Driver/stm32g0xx_ll_exti.o
                                      0xb64d7 (size before relaxing)
 .debug_str     0x00000000000c5472      0x608 ./Drivers/STM32G0xx_HAL_Driver/stm32g0xx_ll_gpio.o
                                      0xb6c10 (size before relaxing)
 .debug_str     0x00000000000c5a7a      0xccc ./Drivers/STM32G0xx_HAL_Driver/stm32g0xx_ll_utils.o
                                      0xb7c7b (size before relaxing)

.comment        0x0000000000000000       0x50
 .comment       0x0000000000000000       0x50 ./Application/Custom/bridge.o
                                         0x51 (size before relaxing)
 .comment       0x0000000000000050       0x51 ./Application/User/main.o
 .comment       0x0000000000000050       0x51 ./Application/User/stm32g0xx_hal_msp.o
 .comment       0x0000000000000050       0x51 ./Application/User/stm32g0xx_it.o
 .comment       0x0000000000000050       0x51 ./Drivers/BSP/Components/led1202.o
 .comment       0x0000000000000050       0x51 ./Drivers/BSP/Components/led1202_reg.o
 .comment       0x0000000000000050       0x51 ./Drivers/BSP/LED12A1/led12a1.o
 .comment       0x0000000000000050       0x51 ./Drivers/CMSIS/system_stm32g0xx.o
 .comment       0x0000000000000050       0x51 ./Drivers/STM32G0xx_HAL_Driver/stm32g0xx_hal.o
 .comment       0x0000000000000050       0x51 ./Drivers/STM32G0xx_HAL_Driver/stm32g0xx_hal_cortex.o
 .comment       0x0000000000000050       0x51 ./Drivers/STM32G0xx_HAL_Driver/stm32g0xx_hal_gpio.o
 .comment       0x0000000000000050       0x51 ./Drivers/STM32G0xx_HAL_Driver/stm32g0xx_hal_i2c.o
 .comment       0x0000000000000050       0x51 ./Drivers/STM32G0xx_HAL_Driver/stm32g0xx_hal_i2c_ex.o
 .comment       0x0000000000000050       0x51 ./Drivers/STM32G0xx_HAL_Driver/stm32g0xx_hal_rcc.o
 .comment       0x0000000000000050       0x51 ./Drivers/STM32G0xx_HAL_Driver/stm32g0xx_hal_tim.o
 .comment       0x0000000000000050       0x51 ./Drivers/STM32G0xx_HAL_Driver/stm32g0xx_hal_tim_ex.o
 .comment       0x0000000000000050       0x51 ./Drivers/STM32G0xx_HAL_Driver/stm32g0xx_hal_uart.o
 .comment       0x0000000000000050       0x51 ./Drivers/STM32G0xx_HAL_Driver/stm32g0xx_hal_uart_ex.o
 .comment       0x0000000000000050       0x51 ./Drivers/STM32G0xx_HAL_Driver/stm32g0xx_ll_exti.o
 .comment       0x0000000000000050       0x51 ./Drivers/STM32G0xx_HAL_Driver/stm32g0xx_ll_gpio.o
 .comment       0x0000000000000050       0x51 ./Drivers/STM32G0xx_HAL_Driver/stm32g0xx_ll_utils.o

.debug_frame    0x0000000000000000     0x47dc
 .debug_frame   0x0000000000000000       0x50 ./Application/Custom/bridge.o
 .debug_frame   0x0000000000000050      0x324 ./Application/User/main.o
 .debug_frame   0x0000000000000374      0x130 ./Application/User/stm32g0xx_hal_msp.o
 .debug_frame   0x00000000000004a4       0x9c ./Application/User/stm32g0xx_it.o
 .debug_frame   0x0000000000000540      0x270 ./Drivers/BSP/Components/led1202.o
 .debug_frame   0x00000000000007b0       0x58 ./Drivers/BSP/Components/led1202_reg.o
 .debug_frame   0x0000000000000808      0x21c ./Drivers/BSP/LED12A1/led12a1.o
 .debug_frame   0x0000000000000a24       0x4c ./Drivers/CMSIS/system_stm32g0xx.o
 .debug_frame   0x0000000000000a70      0x41c ./Drivers/STM32G0xx_HAL_Driver/stm32g0xx_hal.o
 .debug_frame   0x0000000000000e8c      0x2fc ./Drivers/STM32G0xx_HAL_Driver/stm32g0xx_hal_cortex.o
 .debug_frame   0x0000000000001188      0x130 ./Drivers/STM32G0xx_HAL_Driver/stm32g0xx_hal_gpio.o
 .debug_frame   0x00000000000012b8      0xa64 ./Drivers/STM32G0xx_HAL_Driver/stm32g0xx_hal_i2c.o
 .debug_frame   0x0000000000001d1c       0xd0 ./Drivers/STM32G0xx_HAL_Driver/stm32g0xx_hal_i2c_ex.o
 .debug_frame   0x0000000000001dec      0x214 ./Drivers/STM32G0xx_HAL_Driver/stm32g0xx_hal_rcc.o
 .debug_frame   0x0000000000002000      0xf40 ./Drivers/STM32G0xx_HAL_Driver/stm32g0xx_hal_tim.o
 .debug_frame   0x0000000000002f40      0x620 ./Drivers/STM32G0xx_HAL_Driver/stm32g0xx_hal_tim_ex.o
 .debug_frame   0x0000000000003560      0x8d8 ./Drivers/STM32G0xx_HAL_Driver/stm32g0xx_hal_uart.o
 .debug_frame   0x0000000000003e38      0x25c ./Drivers/STM32G0xx_HAL_Driver/stm32g0xx_hal_uart_ex.o
 .debug_frame   0x0000000000004094      0x1ec ./Drivers/STM32G0xx_HAL_Driver/stm32g0xx_ll_exti.o
 .debug_frame   0x0000000000004280      0x170 ./Drivers/STM32G0xx_HAL_Driver/stm32g0xx_ll_gpio.o
 .debug_frame   0x00000000000043f0      0x324 ./Drivers/STM32G0xx_HAL_Driver/stm32g0xx_ll_utils.o
 .debug_frame   0x0000000000004714       0x2c c:/st/stm32cubeide_1.12.0/stm32cubeide/plugins/com.st.stm32cube.ide.mcu.externaltools.gnu-tools-for-stm32.10.3-2021.10.win32_1.0.200.202301161003/tools/bin/../lib/gcc/arm-none-eabi/10.3.1/../../../../arm-none-eabi/lib/thumb/v6-m/nofp\libc_nano.a(lib_a-init.o)
 .debug_frame   0x0000000000004740       0x20 c:/st/stm32cubeide_1.12.0/stm32cubeide/plugins/com.st.stm32cube.ide.mcu.externaltools.gnu-tools-for-stm32.10.3-2021.10.win32_1.0.200.202301161003/tools/bin/../lib/gcc/arm-none-eabi/10.3.1/../../../../arm-none-eabi/lib/thumb/v6-m/nofp\libc_nano.a(lib_a-memset.o)
 .debug_frame   0x0000000000004760       0x20 c:/st/stm32cubeide_1.12.0/stm32cubeide/plugins/com.st.stm32cube.ide.mcu.externaltools.gnu-tools-for-stm32.10.3-2021.10.win32_1.0.200.202301161003/tools/bin/../lib/gcc/arm-none-eabi/10.3.1/thumb/v6-m/nofp\libgcc.a(_udivsi3.o)
 .debug_frame   0x0000000000004780       0x20 c:/st/stm32cubeide_1.12.0/stm32cubeide/plugins/com.st.stm32cube.ide.mcu.externaltools.gnu-tools-for-stm32.10.3-2021.10.win32_1.0.200.202301161003/tools/bin/../lib/gcc/arm-none-eabi/10.3.1/thumb/v6-m/nofp\libgcc.a(_divsi3.o)
 .debug_frame   0x00000000000047a0       0x3c c:/st/stm32cubeide_1.12.0/stm32cubeide/plugins/com.st.stm32cube.ide.mcu.externaltools.gnu-tools-for-stm32.10.3-2021.10.win32_1.0.200.202301161003/tools/bin/../lib/gcc/arm-none-eabi/10.3.1/thumb/v6-m/nofp\libgcc.a(_udivmoddi4.o)
